Component: ARM Compiler 5.06 update 4 (build 422) Tool: armlink [4d35d2]

==============================================================================

Section Cross References

    startup_stm32f10x_md.o(STACK) refers (Special) to heapauxi.o(.text) for __use_two_region_memory
    startup_stm32f10x_md.o(HEAP) refers (Special) to heapauxi.o(.text) for __use_two_region_memory
    startup_stm32f10x_md.o(RESET) refers (Special) to heapauxi.o(.text) for __use_two_region_memory
    startup_stm32f10x_md.o(RESET) refers to startup_stm32f10x_md.o(STACK) for __initial_sp
    startup_stm32f10x_md.o(RESET) refers to startup_stm32f10x_md.o(.text) for Reset_Handler
    startup_stm32f10x_md.o(RESET) refers to stm32f10x_it.o(i.NMI_Handler) for NMI_Handler
    startup_stm32f10x_md.o(RESET) refers to stm32f10x_it.o(i.HardFault_Handler) for HardFault_Handler
    startup_stm32f10x_md.o(RESET) refers to stm32f10x_it.o(i.MemManage_Handler) for MemManage_Handler
    startup_stm32f10x_md.o(RESET) refers to stm32f10x_it.o(i.BusFault_Handler) for BusFault_Handler
    startup_stm32f10x_md.o(RESET) refers to stm32f10x_it.o(i.UsageFault_Handler) for UsageFault_Handler
    startup_stm32f10x_md.o(RESET) refers to stm32f10x_it.o(i.SVC_Handler) for SVC_Handler
    startup_stm32f10x_md.o(RESET) refers to stm32f10x_it.o(i.DebugMon_Handler) for DebugMon_Handler
    startup_stm32f10x_md.o(RESET) refers to stm32f10x_it.o(i.PendSV_Handler) for PendSV_Handler
    startup_stm32f10x_md.o(RESET) refers to stm32f10x_it.o(i.SysTick_Handler) for SysTick_Handler
    startup_stm32f10x_md.o(RESET) refers to sensor.o(i.EXTI0_IRQHandler) for EXTI0_IRQHandler
    startup_stm32f10x_md.o(RESET) refers to sensor.o(i.EXTI1_IRQHandler) for EXTI1_IRQHandler
    startup_stm32f10x_md.o(RESET) refers to main.o(i.TIM2_IRQHandler) for TIM2_IRQHandler
    startup_stm32f10x_md.o(RESET) refers to sensor.o(i.TIM3_IRQHandler) for TIM3_IRQHandler
    startup_stm32f10x_md.o(RESET) refers to serial.o(i.USART2_IRQHandler) for USART2_IRQHandler
    startup_stm32f10x_md.o(RESET) refers to esp8266.o(i.USART3_IRQHandler) for USART3_IRQHandler
    startup_stm32f10x_md.o(.text) refers (Special) to heapauxi.o(.text) for __use_two_region_memory
    startup_stm32f10x_md.o(.text) refers to system_stm32f10x.o(i.SystemInit) for SystemInit
    startup_stm32f10x_md.o(.text) refers to __main.o(!!!main) for __main
    startup_stm32f10x_md.o(.text) refers to startup_stm32f10x_md.o(HEAP) for Heap_Mem
    startup_stm32f10x_md.o(.text) refers to startup_stm32f10x_md.o(STACK) for Stack_Mem
    system_stm32f10x.o(i.SetSysClock) refers to system_stm32f10x.o(i.SetSysClockTo72) for SetSysClockTo72
    system_stm32f10x.o(i.SystemCoreClockUpdate) refers to system_stm32f10x.o(.data) for SystemCoreClock
    system_stm32f10x.o(i.SystemInit) refers to system_stm32f10x.o(i.SetSysClock) for SetSysClock
    stm32f10x_adc.o(i.ADC_DeInit) refers to stm32f10x_rcc.o(i.RCC_APB2PeriphResetCmd) for RCC_APB2PeriphResetCmd
    stm32f10x_bkp.o(i.BKP_DeInit) refers to stm32f10x_rcc.o(i.RCC_BackupResetCmd) for RCC_BackupResetCmd
    stm32f10x_can.o(i.CAN_DeInit) refers to stm32f10x_rcc.o(i.RCC_APB1PeriphResetCmd) for RCC_APB1PeriphResetCmd
    stm32f10x_can.o(i.CAN_GetITStatus) refers to stm32f10x_can.o(i.CheckITStatus) for CheckITStatus
    stm32f10x_cec.o(i.CEC_DeInit) refers to stm32f10x_rcc.o(i.RCC_APB1PeriphResetCmd) for RCC_APB1PeriphResetCmd
    stm32f10x_dac.o(i.DAC_DeInit) refers to stm32f10x_rcc.o(i.RCC_APB1PeriphResetCmd) for RCC_APB1PeriphResetCmd
    stm32f10x_flash.o(i.FLASH_EnableWriteProtection) refers to stm32f10x_flash.o(i.FLASH_WaitForLastOperation) for FLASH_WaitForLastOperation
    stm32f10x_flash.o(i.FLASH_EraseAllBank1Pages) refers to stm32f10x_flash.o(i.FLASH_WaitForLastBank1Operation) for FLASH_WaitForLastBank1Operation
    stm32f10x_flash.o(i.FLASH_EraseAllPages) refers to stm32f10x_flash.o(i.FLASH_WaitForLastOperation) for FLASH_WaitForLastOperation
    stm32f10x_flash.o(i.FLASH_EraseOptionBytes) refers to stm32f10x_flash.o(i.FLASH_GetReadOutProtectionStatus) for FLASH_GetReadOutProtectionStatus
    stm32f10x_flash.o(i.FLASH_EraseOptionBytes) refers to stm32f10x_flash.o(i.FLASH_WaitForLastOperation) for FLASH_WaitForLastOperation
    stm32f10x_flash.o(i.FLASH_ErasePage) refers to stm32f10x_flash.o(i.FLASH_WaitForLastOperation) for FLASH_WaitForLastOperation
    stm32f10x_flash.o(i.FLASH_ProgramHalfWord) refers to stm32f10x_flash.o(i.FLASH_WaitForLastOperation) for FLASH_WaitForLastOperation
    stm32f10x_flash.o(i.FLASH_ProgramOptionByteData) refers to stm32f10x_flash.o(i.FLASH_WaitForLastOperation) for FLASH_WaitForLastOperation
    stm32f10x_flash.o(i.FLASH_ProgramWord) refers to stm32f10x_flash.o(i.FLASH_WaitForLastOperation) for FLASH_WaitForLastOperation
    stm32f10x_flash.o(i.FLASH_ReadOutProtection) refers to stm32f10x_flash.o(i.FLASH_WaitForLastOperation) for FLASH_WaitForLastOperation
[...]
    __main                                   0x080000ed   Thumb Code     8  __main.o(!!!main)
    __scatterload                            0x080000f5   Thumb Code     0  __scatter.o(!!!scatter)
    __scatterload_rt2                        0x080000f5   Thumb Code    44  __scatter.o(!!!scatter)
    __scatterload_rt2_thumb_only             0x080000f5   Thumb Code     0  __scatter.o(!!!scatter)
    __scatterload_null                       0x08000103   Thumb Code     0  __scatter.o(!!!scatter)
    __decompress                             0x08000129   Thumb Code    90  __dczerorl2.o(!!dczerorl2)
    __decompress1                            0x08000129   Thumb Code     0  __dczerorl2.o(!!dczerorl2)
    __scatterload_zeroinit                   0x08000185   Thumb Code    28  __scatter_zi.o(!!handler_zi)
    _printf_n                                0x080001a1   Thumb Code     0  _printf_n.o(.ARM.Collect$$_printf_percent$$00000001)
    _printf_percent                          0x080001a1   Thumb Code     0  _printf_percent.o(.ARM.Collect$$_printf_percent$$00000000)
    _printf_p                                0x080001a7   Thumb Code     0  _printf_p.o(.ARM.Collect$$_printf_percent$$00000002)
    _printf_f                                0x080001ad   Thumb Code     0  _printf_f.o(.ARM.Collect$$_printf_percent$$00000003)
    _printf_e                                0x080001b3   Thumb Code     0  _printf_e.o(.ARM.Collect$$_printf_percent$$00000004)
    _printf_g                                0x080001b9   Thumb Code     0  _printf_g.o(.ARM.Collect$$_printf_percent$$00000005)
    _printf_a                                0x080001bf   Thumb Code     0  _printf_a.o(.ARM.Collect$$_printf_percent$$00000006)
    _printf_ll                               0x080001c5   Thumb Code     0  _printf_ll.o(.ARM.Collect$$_printf_percent$$00000007)
    _printf_i                                0x080001cf   Thumb Code     0  _printf_i.o(.ARM.Collect$$_printf_percent$$00000008)
    _printf_d                                0x080001d5   Thumb Code     0  _printf_d.o(.ARM.Collect$$_printf_percent$$00000009)
    _printf_u                                0x080001db   Thumb Code     0  _printf_u.o(.ARM.Collect$$_printf_percent$$0000000A)
    _printf_o                                0x080001e1   Thumb Code     0  _printf_o.o(.ARM.Collect$$_printf_percent$$0000000B)
    _printf_x                                0x080001e7   Thumb Code     0  _printf_x.o(.ARM.Collect$$_printf_percent$$0000000C)
    _printf_lli                              0x080001ed   Thumb Code     0  _printf_lli.o(.ARM.Collect$$_printf_percent$$0000000D)
    _printf_lld                              0x080001f3   Thumb Code     0  _printf_lld.o(.ARM.Collect$$_printf_percent$$0000000E)
    _printf_llu                              0x080001f9   Thumb Code     0  _printf_llu.o(.ARM.Collect$$_printf_percent$$0000000F)
    _printf_llo                              0x080001ff   Thumb Code     0  _printf_llo.o(.ARM.Collect$$_printf_percent$$00000010)
    _printf_llx                              0x08000205   Thumb Code     0  _printf_llx.o(.ARM.Collect$$_printf_percent$$00000011)
    _printf_l                                0x0800020b   Thumb Code     0  _printf_l.o(.ARM.Collect$$_printf_percent$$00000012)
    _printf_c                                0x08000215   Thumb Code     0  _printf_c.o(.ARM.Collect$$_printf_percent$$00000013)
    _printf_s                                0x0800021b   Thumb Code     0  _printf_s.o(.ARM.Collect$$_printf_percent$$00000014)
    _printf_lc                               0x08000221   Thumb Code     0  _printf_lc.o(.ARM.Collect$$_printf_percent$$00000015)
    _printf_ls                               0x08000227   Thumb Code     0  _printf_ls.o(.ARM.Collect$$_printf_percent$$00000016)
    _printf_percent_end                      0x0800022d   Thumb Code     0  _printf_percent_end.o(.ARM.Collect$$_printf_percent$$00000017)
    __rt_lib_init                            0x08000231   Thumb Code     0  libinit.o(.ARM.Collect$$libinit$$00000000)
    __rt_lib_init_fp_1                       0x08000233   Thumb Code     0  libinit2.o(.ARM.Collect$$libinit$$00000002)
    __rt_lib_init_heap_1                     0x08000233   Thumb Code     0  libinit2.o(.ARM.Collect$$libinit$$0000000A)
    __rt_lib_init_lc_common                  0x08000233   Thumb Code     0  libinit2.o(.ARM.Collect$$libinit$$0000000F)
    __rt_lib_init_preinit_1                  0x08000233   Thumb Code     0  libinit2.o(.ARM.Collect$$libinit$$00000004)
    __rt_lib_init_rand_1                     0x08000233   Thumb Code     0  libinit2.o(.ARM.Collect$$libinit$$0000000E)
    __rt_lib_init_user_alloc_1               0x08000233   Thumb Code     0  libinit2.o(.ARM.Collect$$libinit$$0000000C)
    __rt_lib_init_lc_collate_1               0x08000239   Thumb Code     0  libinit2.o(.ARM.Collect$$libinit$$00000011)
    __rt_lib_init_lc_ctype_2                 0x08000239   Thumb Code     0  libinit2.o(.ARM.Collect$$libinit$$00000012)
    __rt_lib_init_lc_ctype_1                 0x08000245   Thumb Code     0  libinit2.o(.ARM.Collect$$libinit$$00000013)
    __rt_lib_init_lc_monetary_1              0x08000245   Thumb Code     0  libinit2.o(.ARM.Collect$$libinit$$00000015)
    __rt_lib_init_lc_numeric_2               0x08000245   Thumb Code     0  libinit2.o(.ARM.Collect$$libinit$$00000016)
    __rt_lib_init_alloca_1                   0x0800024f   Thumb Code     0  libinit2.o(.ARM.Collect$$libinit$$0000002E)
    __rt_lib_init_argv_1                     0x0800024f   Thumb Code     0  libinit2.o(.ARM.Collect$$libinit$$0000002C)
    __rt_lib_init_atexit_1                   0x0800024f   Thumb Code     0  libinit2.o(.ARM.Collect$$libinit$$0000001B)
    __rt_lib_init_clock_1                    0x0800024f   Thumb Code     0  libinit2.o(.ARM.Collect$$libinit$$00000021)
    __rt_lib_init_cpp_1                      0x0800024f   Thumb Code     0  libinit2.o(.ARM.Collect$$libinit$$00000032)
    __rt_lib_init_exceptions_1               0x0800024f   Thumb Code     0  libinit2.o(.ARM.Collect$$libinit$$00000030)
    __rt_lib_init_fp_trap_1                  0x0800024f   Thumb Code     0  libinit2.o(.ARM.Collect$$libinit$$0000001F)
    __rt_lib_init_getenv_1                   0x0800024f   Thumb Code     0  libinit2.o(.ARM.Collect$$libinit$$00000023)
    __rt_lib_init_lc_numeric_1               0x0800024f   Thumb Code     0  libinit2.o(.ARM.Collect$$libinit$$00000017)
    __rt_lib_init_lc_time_1                  0x0800024f   Thumb Code     0  libinit2.o(.ARM.Collect$$libinit$$00000019)
    __rt_lib_init_return                     0x0800024f   Thumb Code     0  libinit2.o(.ARM.Collect$$libinit$$00000033)
    __rt_lib_init_signal_1                   0x0800024f   Thumb Code     0  libinit2.o(.ARM.Collect$$libinit$$0000001D)
    __rt_lib_init_stdio_1                    0x0800024f   Thumb Code     0  libinit2.o(.ARM.Collect$$libinit$$00000025)
    __rt_lib_shutdown                        0x08000251   Thumb Code     0  libshutdown.o(.ARM.Collect$$libshutdown$$00000000)
    __rt_lib_shutdown_cpp_1                  0x08000253   Thumb Code     0  libshutdown2.o(.ARM.Collect$$libshutdown$$00000002)
    __rt_lib_shutdown_fp_trap_1              0x08000253   Thumb Code     0  libshutdown2.o(.ARM.Collect$$libshutdown$$00000007)
    __rt_lib_shutdown_heap_1                 0x08000253   Thumb Code     0  libshutdown2.o(.ARM.Collect$$libshutdown$$0000000F)
    __rt_lib_shutdown_return                 0x08000253   Thumb Code     0  libshutdown2.o(.ARM.Collect$$libshutdown$$00000010)
    __rt_lib_shutdown_signal_1               0x08000253   Thumb Code     0  libshutdown2.o(.ARM.Collect$$libshutdown$$0000000A)
    __rt_lib_shutdown_stdio_1                0x08000253   Thumb Code     0  libshutdown2.o(.ARM.Collect$$libshutdown$$00000004)
    __rt_lib_shutdown_user_alloc_1           0x08000253   Thumb Code     0  libshutdown2.o(.ARM.Collect$$libshutdown$$0000000C)
    __rt_entry                               0x08000255   Thumb Code     0  __rtentry.o(.ARM.Collect$$rtentry$$00000000)
    __rt_entry_presh_1                       0x08000255   Thumb Code     0  __rtentry2.o(.ARM.Collect$$rtentry$$00000002)
    __rt_entry_sh                            0x08000255   Thumb Code     0  __rtentry4.o(.ARM.Collect$$rtentry$$00000004)
    __rt_entry_li                            0x0800025b   Thumb Code     0  __rtentry2.o(.ARM.Collect$$rtentry$$0000000A)
    __rt_entry_postsh_1                      0x0800025b   Thumb Code     0  __rtentry2.o(.ARM.Collect$$rtentry$$00000009)
    __rt_entry_main                          0x0800025f   Thumb Code     0  __rtentry2.o(.ARM.Collect$$rtentry$$0000000D)
    __rt_entry_postli_1                      0x0800025f   Thumb Code     0  __rtentry2.o(.ARM.Collect$$rtentry$$0000000C)
    __rt_exit                                0x08000267   Thumb Code     0  rtexit.o(.ARM.Collect$$rtexit$$00000000)
    __rt_exit_ls                             0x08000269   Thumb Code     0  rtexit2.o(.ARM.Collect$$rtexit$$00000003)
    __rt_exit_prels_1                        0x08000269   Thumb Code     0  rtexit2.o(.ARM.Collect$$rtexit$$00000002)
    __rt_exit_exit                           0x0800026d   Thumb Code     0  rtexit2.o(.ARM.Collect$$rtexit$$00000004)
    Reset_Handler                            0x08000275   Thumb Code     8  startup_stm32f10x_md.o(.text)
    ADC1_2_IRQHandler                        0x0800028f   Thumb Code     0  startup_stm32f10x_md.o(.text)
    CAN1_RX1_IRQHandler                      0x0800028f   Thumb Code     0  startup_stm32f10x_md.o(.text)
    CAN1_SCE_IRQHandler                      0x0800028f   Thumb Code     0  startup_stm32f10x_md.o(.text)
    DMA1_Channel1_IRQHandler                 0x0800028f   Thumb Code     0  startup_stm32f10x_md.o(.text)
    DMA1_Channel2_IRQHandler                 0x0800028f   Thumb Code     0  startup_stm32f10x_md.o(.text)
    DMA1_Channel3_IRQHandler                 0x0800028f   Thumb Code     0  startup_stm32f10x_md.o(.text)
    DMA1_Channel4_IRQHandler                 0x0800028f   Thumb Code     0  startup_stm32f10x_md.o(.text)
    DMA1_Channel5_IRQHandler                 0x0800028f   Thumb Code     0  startup_stm32f10x_md.o(.text)
    DMA1_Channel6_IRQHandler                 0x0800028f   Thumb Code     0  startup_stm32f10x_md.o(.text)
    DMA1_Channel7_IRQHandler                 0x0800028f   Thumb Code     0  startup_stm32f10x_md.o(.text)
    EXTI15_10_IRQHandler                     0x0800028f   Thumb Code     0  startup_stm32f10x_md.o(.text)
    EXTI2_IRQHandler                         0x0800028f   Thumb Code     0  startup_stm32f10x_md.o(.text)
    EXTI3_IRQHandler                         0x0800028f   Thumb Code     0  startup_stm32f10x_md.o(.text)
    EXTI4_IRQHandler                         0x0800028f   Thumb Code     0  startup_stm32f10x_md.o(.text)
    EXTI9_5_IRQHandler                       0x0800028f   Thumb Code     0  startup_stm32f10x_md.o(.text)
    FLASH_IRQHandler                         0x0800028f   Thumb Code     0  startup_stm32f10x_md.o(.text)
    I2C1_ER_IRQHandler                       0x0800028f   Thumb Code     0  startup_stm32f10x_md.o(.text)
    I2C1_EV_IRQHandler                       0x0800028f   Thumb Code     0  startup_stm32f10x_md.o(.text)
    I2C2_ER_IRQHandler                       0x0800028f   Thumb Code     0  startup_stm32f10x_md.o(.text)
    I2C2_EV_IRQHandler                       0x0800028f   Thumb Code     0  startup_stm32f10x_md.o(.text)
    PVD_IRQHandler                           0x0800028f   Thumb Code     0  startup_stm32f10x_md.o(.text)
    RCC_IRQHandler                           0x0800028f   Thumb Code     0  startup_stm32f10x_md.o(.text)
    RTCAlarm_IRQHandler                      0x0800028f   Thumb Code     0  startup_stm32f10x_md.o(.text)
    RTC_IRQHandler                           0x0800028f   Thumb Code     0  startup_stm32f10x_md.o(.text)
    SPI1_IRQHandler                          0x0800028f   Thumb Code     0  startup_stm32f10x_md.o(.text)
    SPI2_IRQHandler                          0x0800028f   Thumb Code     0  startup_stm32f10x_md.o(.text)
    TAMPER_IRQHandler                        0x0800028f   Thumb Code     0  startup_stm32f10x_md.o(.text)
    TIM1_BRK_IRQHandler                      0x0800028f   Thumb Code     0  startup_stm32f10x_md.o(.text)
    TIM1_CC_IRQHandler                       0x0800028f   Thumb Code     0  startup_stm32f10x_md.o(.text)
    TIM1_TRG_COM_IRQHandler                  0x0800028f   Thumb Code     0  startup_stm32f10x_md.o(.text)
    TIM1_UP_IRQHandler                       0x0800028f   Thumb Code     0  startup_stm32f10x_md.o(.text)
    TIM4_IRQHandler                          0x0800028f   Thumb Code     0  startup_stm32f10x_md.o(.text)
    USART1_IRQHandler                        0x0800028f   Thumb Code     0  startup_stm32f10x_md.o(.text)
    USBWakeUp_IRQHandler                     0x0800028f   Thumb Code     0  startup_stm32f10x_md.o(.text)
    USB_HP_CAN1_TX_IRQHandler                0x0800028f   Thumb Code     0  startup_stm32f10x_md.o(.text)
    USB_LP_CAN1_RX0_IRQHandler               0x0800028f   Thumb Code     0  startup_stm32f10x_md.o(.text)
    WWDG_IRQHandler                          0x0800028f   Thumb Code     0  startup_stm32f10x_md.o(.text)
    __user_initial_stackheap                 0x08000291   Thumb Code     0  startup_stm32f10x_md.o(.text)
    vsprintf                                 0x080002b5   Thumb Code    32  vsprintf.o(.text)
    __2sprintf                               0x080002d9   Thumb Code    38  __2sprintf.o(.text)
    _printf_str                              0x08000305   Thumb Code    82  _printf_str.o(.text)
    _printf_int_dec                          0x08000359   Thumb Code   104  _printf_dec.o(.text)
    __printf                                 0x080003d1   Thumb Code   388  __printf_flags_ss_wp.o(.text)
    __0sscanf                                0x08000559   Thumb Code    52  __0sscanf.o(.text)
    atoi                                     0x08000595   Thumb Code    26  atoi.o(.text)
    strchr                                   0x080005af   Thumb Code    20  strchr.o(.text)
    strstr                                   0x080005c3   Thumb Code    36  strstr.o(.text)
    strlen                                   0x080005e7   Thumb Code    62  strlen.o(.text)
    __aeabi_memclr                           0x08000625   Thumb Code     0  rt_memclr.o(.text)
    __rt_memclr                              0x08000625   Thumb Code    68  rt_memclr.o(.text)
    _memset                                  0x08000629   Thumb Code     0  rt_memclr.o(.text)
    strncpy                                  0x08000669   Thumb Code    86  strncpy.o(.text)
    __use_two_region_memory                  0x080006bf   Thumb Code     2  heapauxi.o(.text)
    __rt_heap_escrow$2region                 0x080006c1   Thumb Code     2  heapauxi.o(.text)
    __rt_heap_expand$2region                 0x080006c3   Thumb Code     2  heapauxi.o(.text)
    __aeabi_errno_addr                       0x080006c5   Thumb Code     8  rt_errno_addr_intlibspace.o(.text)
    __errno$intlibspace                      0x080006c5   Thumb Code     0  rt_errno_addr_intlibspace.o(.text)
    __rt_errno_addr$intlibspace              0x080006c5   Thumb Code     0  rt_errno_addr_intlibspace.o(.text)
    _printf_pre_padding                      0x080006cd   Thumb Code    44  _printf_pad.o(.text)
    _printf_post_padding                     0x080006f9   Thumb Code    34  _printf_pad.o(.text)
    _printf_truncate_signed                  0x0800071b   Thumb Code    18  _printf_truncate.o(.text)
    _printf_truncate_unsigned                0x0800072d   Thumb Code    18  _printf_truncate.o(.text)
    _printf_int_common                       0x0800073f   Thumb Code   178  _printf_intcommon.o(.text)
    _printf_charcount                        0x080007f1   Thumb Code    40  _printf_charcount.o(.text)
    _printf_char_common                      0x08000823   Thumb Code    32  _printf_char_common.o(.text)
    _sputc                                   0x08000849   Thumb Code    10  _sputc.o(.text)
    _printf_cs_common                        0x08000853   Thumb Code    20  _printf_char.o(.text)
    _printf_char                             0x08000867   Thumb Code    16  _printf_char.o(.text)
    _printf_string                           0x08000877   Thumb Code     8  _printf_char.o(.text)
    _printf_wctomb                           0x08000881   Thumb Code   182  _printf_wctomb.o(.text)
    _printf_longlong_dec                     0x0800093d   Thumb Code   108  _printf_longlong_dec.o(.text)
    _printf_longlong_oct                     0x080009b9   Thumb Code    66  _printf_oct_int_ll.o(.text)
    _printf_int_oct                          0x080009fb   Thumb Code    24  _printf_oct_int_ll.o(.text)
    _printf_ll_oct                           0x08000a13   Thumb Code    12  _printf_oct_int_ll.o(.text)
    _printf_longlong_hex                     0x08000a29   Thumb Code    86  _printf_hex_int_ll_ptr.o(.text)
    _printf_int_hex                          0x08000a7f   Thumb Code    28  _printf_hex_int_ll_ptr.o(.text)
    _printf_ll_hex                           0x08000a9b   Thumb Code    12  _printf_hex_int_ll_ptr.o(.text)
    _printf_hex_ptr                          0x08000aa7   Thumb Code    18  _printf_hex_int_ll_ptr.o(.text)
    _scanf_really_real                       0x08000cb9   Thumb Code   668  scanf_fp.o(.text)
    __vfscanf_char                           0x08000f6d   Thumb Code    24  scanf_char.o(.text)
    _sgetc                                   0x08000f8d   Thumb Code    30  _sgetc.o(.text)
    _sbackspace                              0x08000fab   Thumb Code    34  _sgetc.o(.text)
    strtol                                   0x08000fcd   Thumb Code   112  strtol.o(.text)
    __aeabi_memclr4                          0x0800103d   Thumb Code     0  rt_memclr_w.o(.text)
    __aeabi_memclr8                          0x0800103d   Thumb Code     0  rt_memclr_w.o(.text)
    __rt_memclr_w                            0x0800103d   Thumb Code    78  rt_memclr_w.o(.text)
    _memset_w                                0x08001041   Thumb Code     0  rt_memclr_w.o(.text)
    __user_libspace                          0x0800108d   Thumb Code     8  libspace.o(.text)
    __user_perproc_libspace                  0x0800108d   Thumb Code     0  libspace.o(.text)
    __user_perthread_libspace                0x0800108d   Thumb Code     0  libspace.o(.text)
    __rt_ctype_table                         0x08001095   Thumb Code    16  rt_ctype_table.o(.text)
    __rt_locale                              0x080010a5   Thumb Code     8  rt_locale_intlibspace.o(.text)
    _ll_udiv10                               0x080010ad   Thumb Code   138  lludiv10.o(.text)
    isspace                                  0x08001137   Thumb Code    18  isspace.o(.text)
    __lib_sel_fp_printf                      0x08001149   Thumb Code     2  _printf_fp_dec.o(.text)
    _printf_fp_dec_real                      0x080012f7   Thumb Code   620  _printf_fp_dec.o(.text)
    _printf_fp_hex_real                      0x08001565   Thumb Code   756  _printf_fp_hex.o(.text)
    _printf_lcs_common                       0x08001861   Thumb Code    20  _printf_wchar.o(.text)
    _printf_wchar                            0x08001875   Thumb Code    16  _printf_wchar.o(.text)
    _printf_wstring                          0x08001885   Thumb Code     8  _printf_wchar.o(.text)
    __vfscanf                                0x0800188d   Thumb Code   878  _scanf.o(.text)
    _strtoul                                 0x08001c01   Thumb Code   158  _strtoul.o(.text)
    _btod_etento                             0x08001ca1   Thumb Code   216  bigflt0.o(.text)
    _wcrtomb                                 0x08001d7d   Thumb Code    64  _wcrtomb.o(.text)
    __user_setup_stackheap                   0x08001dbd   Thumb Code    74  sys_stackheap_outer.o(.text)
    __read_errno                             0x08001e07   Thumb Code    10  _rserrno.o(.text)
    __set_errno                              0x08001e11   Thumb Code    12  _rserrno.o(.text)
    _printf_fp_infnan                        0x08001e1d   Thumb Code   112  _printf_fp_infnan.o(.text)
    _chval                                   0x08001e9d   Thumb Code    28  _chval.o(.text)
    _scanf_really_hex_real                   0x08001eb9   Thumb Code   786  scanf_hexfp.o(.text)
    _scanf_really_infnan                     0x080021d9   Thumb Code   292  scanf_infnan.o(.text)
    exit                                     0x0800230d   Thumb Code    18  exit.o(.text)
    strcmp                                   0x08002321   Thumb Code   128  strcmpv7m.o(.text)
    __aeabi_llsl                             0x080023a1   Thumb Code     0  llshl.o(.text)
    _ll_shift_l                              0x080023a1   Thumb Code    38  llshl.o(.text)
    _sys_exit                                0x080023c9   Thumb Code     8  sys_exit.o(.text)
    __I$use$semihosting                      0x080023d5   Thumb Code     0  use_no_semi.o(.text)
    __use_no_semihosting_swi                 0x080023d5   Thumb Code     2  use_no_semi.o(.text)
    __semihosting_library_function           0x080023d7   Thumb Code     0  indicate_semi.o(.text)
    _btod_d2e                                0x080023d7   Thumb Code    62  btod.o(CL$$btod_d2e)
    _d2e_denorm_low                          0x08002415   Thumb Code    70  btod.o(CL$$btod_d2e_denorm_low)
    _d2e_norm_op1                            0x0800245b   Thumb Code    96  btod.o(CL$$btod_d2e_norm_op1)
    __btod_div_common                        0x080024bb   Thumb Code   696  btod.o(CL$$btod_div_common)
    _e2d                                     0x080027f5   Thumb Code    80  btod.o(CL$$btod_e2d)
    _e2e                                     0x08002849   Thumb Code   198  btod.o(CL$$btod_e2e)
    _btod_ediv                               0x0800290f   Thumb Code    40  btod.o(CL$$btod_ediv)
    _btod_edivd                              0x08002937   Thumb Code    40  btod.o(CL$$btod_edivd)
    _btod_emul                               0x0800295f   Thumb Code    40  btod.o(CL$$btod_emul)
    _btod_emuld                              0x08002987   Thumb Code    40  btod.o(CL$$btod_emuld)
    __btod_mult_common                       0x080029af   Thumb Code   580  btod.o(CL$$btod_mult_common)
    ADC_Cmd                                  0x08002bf3   Thumb Code    22  stm32f10x_adc.o(i.ADC_Cmd)
    ADC_DeInit                               0x08002c09   Thumb Code    78  stm32f10x_adc.o(i.ADC_DeInit)
    ADC_GetCalibrationStatus                 0x08002c65   Thumb Code    20  stm32f10x_adc.o(i.ADC_GetCalibrationStatus)
    ADC_GetConversionValue                   0x08002c79   Thumb Code     8  stm32f10x_adc.o(i.ADC_GetConversionValue)
    ADC_GetFlagStatus                        0x08002c81   Thumb Code    18  stm32f10x_adc.o(i.ADC_GetFlagStatus)
    ADC_GetResetCalibrationStatus            0x08002c93   Thumb Code    20  stm32f10x_adc.o(i.ADC_GetResetCalibrationStatus)
    ADC_Init                                 0x08002ca9   Thumb Code    70  stm32f10x_adc.o(i.ADC_Init)
    ADC_RegularChannelConfig                 0x08002cf9   Thumb Code   184  stm32f10x_adc.o(i.ADC_RegularChannelConfig)
    ADC_ResetCalibration                     0x08002db1   Thumb Code    10  stm32f10x_adc.o(i.ADC_ResetCalibration)
    ADC_SoftwareStartConvCmd                 0x08002dbb   Thumb Code    22  stm32f10x_adc.o(i.ADC_SoftwareStartConvCmd)
    ADC_StartCalibration                     0x08002dd1   Thumb Code    10  stm32f10x_adc.o(i.ADC_StartCalibration)
    Adc_Init                                 0x08002ddd   Thumb Code   138  adc.o(i.Adc_Init)
    BusFault_Handler                         0x08002e71   Thumb Code     4  stm32f10x_it.o(i.BusFault_Handler)
    DH11_GPIO_Init                           0x08002e75   Thumb Code    40  dht11.o(i.DH11_GPIO_Init)
    DHT11ReadByte                            0x08002ea1   Thumb Code    90  dht11.o(i.DHT11ReadByte)
    DHT11ReadData                            0x08002f01   Thumb Code   126  dht11.o(i.DHT11ReadData)
    DHT11RstAndCheck                         0x08002f81   Thumb Code   134  dht11.o(i.DHT11RstAndCheck)
    DebugMon_Handler                         0x0800300d   Thumb Code     2  stm32f10x_it.o(i.DebugMon_Handler)
    Delay_ms                                 0x0800300f   Thumb Code    24  delay.o(i.Delay_ms)
    Delay_us                                 0x08003027   Thumb Code    46  delay.o(i.Delay_us)
    ESP8266_ClearBuffer                      0x08003055   Thumb Code    44  esp8266.o(i.ESP8266_ClearBuffer)
    ESP8266_ConnectServer                    0x08003089   Thumb Code   128  esp8266.o(i.ESP8266_ConnectServer)
    ESP8266_GetBuffer                        0x0800316d   Thumb Code     4  esp8266.o(i.ESP8266_GetBuffer)
    ESP8266_HTTPPostData                     0x08003175   Thumb Code   114  esp8266.o(i.ESP8266_HTTPPostData)
    ESP8266_HTTP_Get                         0x08003251   Thumb Code    56  esp8266.o(i.ESP8266_HTTP_Get)
    ESP8266_Init                             0x080032b5   Thumb Code    32  esp8266.o(i.ESP8266_Init)
    ESP8266_InitConnection                   0x080032d9   Thumb Code   138  esp8266.o(i.ESP8266_InitConnection)
    ESP8266_Printf                           0x080033e5   Thumb Code    44  esp8266.o(i.ESP8266_Printf)
    ESP8266_SendByte                         0x08003411   Thumb Code    28  esp8266.o(i.ESP8266_SendByte)
    ESP8266_SendCmd                          0x08003431   Thumb Code    54  esp8266.o(i.ESP8266_SendCmd)
    ESP8266_SendString                       0x08003479   Thumb Code    24  esp8266.o(i.ESP8266_SendString)
    EXTI0_IRQHandler                         0x08003491   Thumb Code    72  sensor.o(i.EXTI0_IRQHandler)
    EXTI1_IRQHandler                         0x080034e9   Thumb Code    72  sensor.o(i.EXTI1_IRQHandler)
    EXTI_ClearITPendingBit                   0x08003541   Thumb Code     6  stm32f10x_exti.o(i.EXTI_ClearITPendingBit)
    EXTI_GetITStatus                         0x0800354d   Thumb Code    34  stm32f10x_exti.o(i.EXTI_GetITStatus)
    EXTI_Init                                0x08003575   Thumb Code   142  stm32f10x_exti.o(i.EXTI_Init)
    GP2Y1014AU_GetInfo                       0x08003609   Thumb Code   164  gp2y.o(i.GP2Y1014AU_GetInfo)
    GP2Y1014AU_init                          0x080036cd   Thumb Code    38  gp2y.o(i.GP2Y1014AU_init)
    GPIO_EXTILineConfig                      0x080036f9   Thumb Code    60  stm32f10x_gpio.o(i.GPIO_EXTILineConfig)
    GPIO_Init                                0x08003739   Thumb Code   278  stm32f10x_gpio.o(i.GPIO_Init)
    GPIO_ReadInputDataBit                    0x0800384f   Thumb Code    18  stm32f10x_gpio.o(i.GPIO_ReadInputDataBit)
    GPIO_ResetBits                           0x08003861   Thumb Code     4  stm32f10x_gpio.o(i.GPIO_ResetBits)
    GPIO_SetBits                             0x08003865   Thumb Code     4  stm32f10x_gpio.o(i.GPIO_SetBits)
    GPIO_WriteBit                            0x08003869   Thumb Code    10  stm32f10x_gpio.o(i.GPIO_WriteBit)
    Get_Adc                                  0x08003875   Thumb Code    46  adc.o(i.Get_Adc)
    Get_Adc_Average                          0x080038a9   Thumb Code    46  adc.o(i.Get_Adc_Average)
    HardFault_Handler                        0x080038d7   Thumb Code     4  stm32f10x_it.o(i.HardFault_Handler)
    IsConcentrationOverThreshold             0x080038db   Thumb Code    38  utils.o(i.IsConcentrationOverThreshold)
    IsHumidityOverThreshold                  0x08003901   Thumb Code    38  utils.o(i.IsHumidityOverThreshold)
    IsTemperatureOverThreshold               0x08003927   Thumb Code    38  utils.o(i.IsTemperatureOverThreshold)
    LED_Init                                 0x0800394d   Thumb Code    44  led.o(i.LED_Init)
    LED_Off                                  0x0800397d   Thumb Code    14  led.o(i.LED_Off)
    MemManage_Handler                        0x08003991   Thumb Code     4  stm32f10x_it.o(i.MemManage_Handler)
    Motor_Init                               0x08003995   Thumb Code    44  motor.o(i.Motor_Init)
    Motor_SetSpeed                           0x080039c5   Thumb Code    66  motor.o(i.Motor_SetSpeed)
    Mytiming_Init                            0x08003a0d   Thumb Code   114  mytiming.o(i.Mytiming_Init)
    Mytiming_callback_1s                     0x08003a7f   Thumb Code     2  main.o(i.Mytiming_callback_1s)
    Mytiming_callback_3s                     0x08003a81   Thumb Code     8  main.o(i.Mytiming_callback_3s)
    Mytiming_callback_5s                     0x08003a8d   Thumb Code     8  main.o(i.Mytiming_callback_5s)
    NMI_Handler                              0x08003a99   Thumb Code     2  stm32f10x_it.o(i.NMI_Handler)
    NVIC_Init                                0x08003a9d   Thumb Code   100  misc.o(i.NVIC_Init)
    NVIC_PriorityGroupConfig                 0x08003b0d   Thumb Code    10  misc.o(i.NVIC_PriorityGroupConfig)
    OLED_Clear                               0x08003b21   Thumb Code    42  oled.o(i.OLED_Clear)
    OLED_I2C_Init                            0x08003b4d   Thumb Code    76  oled.o(i.OLED_I2C_Init)
    OLED_I2C_SendByte                        0x08003b9d   Thumb Code    80  oled.o(i.OLED_I2C_SendByte)
    OLED_I2C_Start                           0x08003bf1   Thumb Code    48  oled.o(i.OLED_I2C_Start)
    OLED_I2C_Stop                            0x08003c25   Thumb Code    36  oled.o(i.OLED_I2C_Stop)
    OLED_Init                                0x08003c4d   Thumb Code   174  oled.o(i.OLED_Init)
    OLED_Pow                                 0x08003cfb   Thumb Code    20  oled.o(i.OLED_Pow)
    OLED_SetCursor                           0x08003d0f   Thumb Code    34  oled.o(i.OLED_SetCursor)
    OLED_ShowChar                            0x08003d31   Thumb Code   110  oled.o(i.OLED_ShowChar)
    OLED_ShowChinese                         0x08003da5   Thumb Code    94  oled.o(i.OLED_ShowChinese)
    OLED_ShowNum                             0x08003e09   Thumb Code    68  oled.o(i.OLED_ShowNum)
    OLED_ShowString                          0x08003e4d   Thumb Code    40  oled.o(i.OLED_ShowString)
    OLED_WriteCommand                        0x08003e75   Thumb Code    32  oled.o(i.OLED_WriteCommand)
    OLED_WriteData                           0x08003e95   Thumb Code    32  oled.o(i.OLED_WriteData)
    PWM_Init                                 0x08003eb5   Thumb Code   138  pwm.o(i.PWM_Init)
    PWM_SetCompare3                          0x08003f49   Thumb Code    14  pwm.o(i.PWM_SetCompare3)
    PendSV_Handler                           0x08003f5d   Thumb Code     2  stm32f10x_it.o(i.PendSV_Handler)
    RCC_ADCCLKConfig                         0x08003f61   Thumb Code    18  stm32f10x_rcc.o(i.RCC_ADCCLKConfig)
    RCC_APB1PeriphClockCmd                   0x08003f79   Thumb Code    26  stm32f10x_rcc.o(i.RCC_APB1PeriphClockCmd)
    RCC_APB2PeriphClockCmd                   0x08003f99   Thumb Code    26  stm32f10x_rcc.o(i.RCC_APB2PeriphClockCmd)
    RCC_APB2PeriphResetCmd                   0x08003fb9   Thumb Code    26  stm32f10x_rcc.o(i.RCC_APB2PeriphResetCmd)
    RCC_GetClocksFreq                        0x08003fd9   Thumb Code   192  stm32f10x_rcc.o(i.RCC_GetClocksFreq)
    SVC_Handler                              0x080040ad   Thumb Code     2  stm32f10x_it.o(i.SVC_Handler)
    Sensor_Init                              0x080040b1   Thumb Code   258  sensor.o(i.Sensor_Init)
    Serial_Init                              0x080041c1   Thumb Code     8  serial.o(i.Serial_Init)
    Serial_Printf                            0x080041c9   Thumb Code    44  serial.o(i.Serial_Printf)
    Serial_SendByte                          0x080041f5   Thumb Code    28  serial.o(i.Serial_SendByte)
    Serial_SendString                        0x08004215   Thumb Code    24  serial.o(i.Serial_SendString)
    SysTick_Handler                          0x08004315   Thumb Code     2  stm32f10x_it.o(i.SysTick_Handler)
    SystemInit                               0x08004319   Thumb Code    78  system_stm32f10x.o(i.SystemInit)
    TIM2_IRQHandler                          0x08004379   Thumb Code   126  main.o(i.TIM2_IRQHandler)
    TIM3_IRQHandler                          0x08004409   Thumb Code    48  sensor.o(i.TIM3_IRQHandler)
    TIM_ClearFlag                            0x08004445   Thumb Code     6  stm32f10x_tim.o(i.TIM_ClearFlag)
    TIM_ClearITPendingBit                    0x0800444b   Thumb Code     6  stm32f10x_tim.o(i.TIM_ClearITPendingBit)
    TIM_Cmd                                  0x08004451   Thumb Code    24  stm32f10x_tim.o(i.TIM_Cmd)
    TIM_GetITStatus                          0x08004469   Thumb Code    34  stm32f10x_tim.o(i.TIM_GetITStatus)
    TIM_ITConfig                             0x0800448b   Thumb Code    18  stm32f10x_tim.o(i.TIM_ITConfig)
    TIM_InternalClockConfig                  0x0800449d   Thumb Code    12  stm32f10x_tim.o(i.TIM_InternalClockConfig)
    TIM_OC2Init                              0x080044a9   Thumb Code   154  stm32f10x_tim.o(i.TIM_OC2Init)
    TIM_OCStructInit                         0x0800454d   Thumb Code    20  stm32f10x_tim.o(i.TIM_OCStructInit)
    TIM_SetCompare2                          0x08004561   Thumb Code     4  stm32f10x_tim.o(i.TIM_SetCompare2)
    TIM_TimeBaseInit                         0x08004565   Thumb Code   122  stm32f10x_tim.o(i.TIM_TimeBaseInit)
    USART2_IRQHandler                        0x08004609   Thumb Code   140  serial.o(i.USART2_IRQHandler)
    USART3_IRQHandler                        0x080046a9   Thumb Code   150  esp8266.o(i.USART3_IRQHandler)
    USART_ClearITPendingBit                  0x0800474d   Thumb Code    30  stm32f10x_usart.o(i.USART_ClearITPendingBit)
    USART_Cmd                                0x0800476b   Thumb Code    24  stm32f10x_usart.o(i.USART_Cmd)
    USART_GetFlagStatus                      0x08004783   Thumb Code    26  stm32f10x_usart.o(i.USART_GetFlagStatus)
    USART_GetITStatus                        0x0800479d   Thumb Code    84  stm32f10x_usart.o(i.USART_GetITStatus)
    USART_ITConfig                           0x080047f1   Thumb Code    74  stm32f10x_usart.o(i.USART_ITConfig)
    USART_Init                               0x0800483d   Thumb Code   210  stm32f10x_usart.o(i.USART_Init)
    USART_ReceiveData                        0x08004915   Thumb Code    10  stm32f10x_usart.o(i.USART_ReceiveData)
    USART_SendData                           0x0800491f   Thumb Code     8  stm32f10x_usart.o(i.USART_SendData)
    UsageFault_Handler                       0x08004927   Thumb Code     4  stm32f10x_it.o(i.UsageFault_Handler)
    Usart2_Init                              0x0800492d   Thumb Code   164  usart.o(i.Usart2_Init)
    Usart3_Init                              0x080049d9   Thumb Code   176  usart.o(i.Usart3_Init)
    Utils_GetInformationOfThreshold_16       0x08004a91   Thumb Code    98  utils.o(i.Utils_GetInformationOfThreshold_16)
    Utils_GetInformationOfThreshold_8        0x08004afd   Thumb Code    98  utils.o(i.Utils_GetInformationOfThreshold_8)
    Utils_GetPIDOutputSpeed                  0x08004b69   Thumb Code   244  utils.o(i.Utils_GetPIDOutputSpeed)
    Utils_IsOverThreshold                    0x08004c91   Thumb Code    48  utils.o(i.Utils_IsOverThreshold)
    Utils_ShowWelcomeMessage                 0x08004cc1   Thumb Code   124  utils.o(i.Utils_ShowWelcomeMessage)
    __ARM_fpclassify                         0x08004d3d   Thumb Code    40  fpclassify.o(i.__ARM_fpclassify)
    __mathlib_dbl_overflow                   0x08004d65   Thumb Code    14  dunder.o(i.__mathlib_dbl_overflow)
    __mathlib_dbl_underflow                  0x08004d75   Thumb Code    10  dunder.o(i.__mathlib_dbl_underflow)
    __mathlib_narrow                         0x08004d85   Thumb Code    16  narrow.o(i.__mathlib_narrow)
    __mathlib_tofloat                        0x08004d95   Thumb Code   132  narrow.o(i.__mathlib_tofloat)
    __support_ldexp                          0x08004e23   Thumb Code    22  ldexp.o(i.__support_ldexp)
    _is_digit                                0x08004e39   Thumb Code    14  __printf_wp.o(i._is_digit)
    frexp                                    0x08004e49   Thumb Code    80  frexp.o(i.frexp)
    ldexp                                    0x08004ea1   Thumb Code   116  ldexp.o(i.ldexp)
    main                                     0x08004f15   Thumb Code  1584  main.o(i.main)
    _get_lc_numeric                          0x08005589   Thumb Code    44  lc_numeric_c.o(locale$$code)
    _get_lc_ctype                            0x080055b5   Thumb Code    44  lc_ctype_c.o(locale$$code)
    __aeabi_d2f                              0x080055e1   Thumb Code     0  d2f.o(x$fpl$d2f)
    _d2f                                     0x080055e1   Thumb Code    98  d2f.o(x$fpl$d2f)
    __aeabi_dadd                             0x08005645   Thumb Code     0  daddsub_clz.o(x$fpl$dadd)
    _dadd                                    0x08005645   Thumb Code   332  daddsub_clz.o(x$fpl$dadd)
    __fpl_dcheck_NaN1                        0x08005795   Thumb Code    10  dcheck1.o(x$fpl$dcheck1)
    __fpl_dcmp_Inf                           0x080057a5   Thumb Code    24  dcmpi.o(x$fpl$dcmpinf)
    __aeabi_cdcmpeq                          0x080057bd   Thumb Code     0  deqf.o(x$fpl$deqf)
    _dcmpeq                                  0x080057bd   Thumb Code   120  deqf.o(x$fpl$deqf)
    __aeabi_d2iz                             0x08005835   Thumb Code     0  dfix.o(x$fpl$dfix)
    _dfix                                    0x08005835   Thumb Code    94  dfix.o(x$fpl$dfix)
    __aeabi_cdcmple                          0x08005895   Thumb Code     0  dleqf.o(x$fpl$dleqf)
    _dcmple                                  0x08005895   Thumb Code   120  dleqf.o(x$fpl$dleqf)
    __fpl_dcmple_InfNaN                      0x080058f7   Thumb Code     0  dleqf.o(x$fpl$dleqf)
    __aeabi_dmul                             0x0800590d   Thumb Code     0  dmul.o(x$fpl$dmul)
    _dmul                                    0x0800590d   Thumb Code   332  dmul.o(x$fpl$dmul)
    __fpl_dnaninf                            0x08005a61   Thumb Code   156  dnaninf.o(x$fpl$dnaninf)
    __fpl_dretinf                            0x08005afd   Thumb Code    12  dretinf.o(x$fpl$dretinf)
    __aeabi_cdrcmple                         0x08005b09   Thumb Code     0  drleqf.o(x$fpl$drleqf)
    _drcmple                                 0x08005b09   Thumb Code   108  drleqf.o(x$fpl$drleqf)
    __aeabi_dsub                             0x08005b75   Thumb Code     0  daddsub_clz.o(x$fpl$dsub)
    _dsub                                    0x08005b75   Thumb Code   464  daddsub_clz.o(x$fpl$dsub)
    __aeabi_f2d                              0x08005d49   Thumb Code     0  f2d.o(x$fpl$f2d)
    _f2d                                     0x08005d49   Thumb Code    86  f2d.o(x$fpl$f2d)
    __aeabi_fadd                             0x08005da1   Thumb Code     0  faddsub_clz.o(x$fpl$fadd)
    _fadd                                    0x08005da1   Thumb Code   196  faddsub_clz.o(x$fpl$fadd)
    __fpl_fcmp_Inf                           0x08005e65   Thumb Code    24  fcmpi.o(x$fpl$fcmpinf)
    __aeabi_fdiv                             0x08005e7d   Thumb Code     0  fdiv.o(x$fpl$fdiv)
    _fdiv                                    0x08005e7d   Thumb Code   384  fdiv.o(x$fpl$fdiv)
    __aeabi_f2uiz                            0x08006001   Thumb Code     0  ffixu.o(x$fpl$ffixu)
    _ffixu                                   0x08006001   Thumb Code    62  ffixu.o(x$fpl$ffixu)
    __aeabi_ui2f                             0x08006041   Thumb Code     0  fflt_clz.o(x$fpl$ffltu)
    _ffltu                                   0x08006041   Thumb Code    38  fflt_clz.o(x$fpl$ffltu)
    __aeabi_cfcmple                          0x08006069   Thumb Code     0  fleqf.o(x$fpl$fleqf)
    _fcmple                                  0x08006069   Thumb Code   104  fleqf.o(x$fpl$fleqf)
    __fpl_fcmple_InfNaN                      0x080060bb   Thumb Code     0  fleqf.o(x$fpl$fleqf)
    __aeabi_fmul                             0x080060d1   Thumb Code     0  fmul.o(x$fpl$fmul)
    _fmul                                    0x080060d1   Thumb Code   258  fmul.o(x$fpl$fmul)
    __fpl_fnaninf                            0x080061d3   Thumb Code   140  fnaninf.o(x$fpl$fnaninf)
    __fpl_fretinf                            0x0800625f   Thumb Code    10  fretinf.o(x$fpl$fretinf)
    __aeabi_cfrcmple                         0x08006269   Thumb Code     0  frleqf.o(x$fpl$frleqf)
    _frcmple                                 0x08006269   Thumb Code    98  frleqf.o(x$fpl$frleqf)
    __aeabi_fsub                             0x080062cd   Thumb Code     0  faddsub_clz.o(x$fpl$fsub)
    _fsub                                    0x080062cd   Thumb Code   234  faddsub_clz.o(x$fpl$fsub)
    _printf_fp_dec                           0x080063b7   Thumb Code     4  printf1.o(x$fpl$printf1)
    _printf_fp_hex                           0x080063bb   Thumb Code     4  printf2.o(x$fpl$printf2)
    __fpl_return_NaN                         0x080063bf   Thumb Code   100  retnan.o(x$fpl$retnan)
    __ARM_scalbn                             0x08006423   Thumb Code    92  scalbn.o(x$fpl$scalbn)
    _scanf_real                              0x0800647f   Thumb Code     4  scanf1.o(x$fpl$scanf1)
    _scanf_hex_real                          0x08006483   Thumb Code     4  scanf2.o(x$fpl$scanf2)
    _scanf_infnan                            0x08006487   Thumb Code     4  scanf2.o(x$fpl$scanf2)
    __fpl_cmpreturn                          0x0800648b   Thumb Code    48  trapv.o(x$fpl$trapveneer)
    OLED_F8x16                               0x080064ba   Data        1520  oled.o(.constdata)
    __I$use$fp                               0x080064ba   Number         0  usenofp.o(x$fpl$usenofp)
    Region$$Table$$Base                      0x08006cb8   Number         0  anon$$obj.o(Region$$Table)
    Region$$Table$$Limit                     0x08006cd8   Number         0  anon$$obj.o(Region$$Table)
    __aeabi_HUGE_VAL                         0x08006cd8   Data           0  fpconst.o(c$$dinf)
    __aeabi_HUGE_VALL                        0x08006cd8   Data           0  fpconst.o(c$$dinf)
    __aeabi_INFINITY                         0x08006cd8   Data           0  fpconst.o(c$$dinf)
    __dInf                                   0x08006cd8   Data           0  fpconst.o(c$$dinf)
    __huge_val                               0x08006cd8   Data           0  fpconst.o(c$$dinf)
    __ctype                                  0x08006d09   Data           0  lc_ctype_c.o(locale$$data)
    SystemCoreClock                          0x20000000   Data           4  system_stm32f10x.o(.data)
    AHBPrescTable                            0x20000004   Data          16  system_stm32f10x.o(.data)
    Hzk                                      0x20000028   Data        1792  oled.o(.data)
    Serial_RxFlag                            0x20000728   Data           1  serial.o(.data)
    Utils_PID_Error                          0x2000072c   Data           4  utils.o(.data)
    Utils_PID_LastError                      0x20000730   Data           4  utils.o(.data)
    Utils_PID_Integral                       0x20000734   Data           4  utils.o(.data)
    Utils_PID_Differential                   0x20000738   Data           4  utils.o(.data)
    Utils_PID_Output                         0x2000073c   Data           4  utils.o(.data)
    Utils_PID_Kp                             0x20000740   Data           4  utils.o(.data)
    Utils_PID_Ki                             0x20000744   Data           4  utils.o(.data)
    Utils_PID_Kd                             0x20000748   Data           4  utils.o(.data)
    Utils_PID_DeadZone                       0x2000074c   Data           4  utils.o(.data)
    Timer_Count                              0x20000750   Data           4  sensor.o(.data)
    Sensor_Tag                               0x20000754   Data           1  sensor.o(.data)
    Sensor_Stable                            0x20000755   Data           1  sensor.o(.data)
    temp                                     0x20000758   Data           4  main.o(.data)
    humi                                     0x2000075c   Data           4  main.o(.data)
    concentration                            0x20000760   Data           8  main.o(.data)
    Num_flag                                 0x20000768   Data           2  main.o(.data)
    pm                                       0x2000076a   Data           2  main.o(.data)
    Speed                                    0x2000076c   Data           1  main.o(.data)
    mainProgramSuccessInit                   0x2000076d   Data           1  main.o(.data)
    ESP8266GetThresholdSuccess               0x2000076e   Data           1  main.o(.data)
    ESP8266GetThreshold                      0x2000076f   Data           1  main.o(.data)
    ESP8266UpdateData                        0x20000770   Data           1  main.o(.data)
    Mytiming_count_1s                        0x20000774   Data           4  main.o(.data)
    Mytiming_count_3s                        0x20000778   Data           4  main.o(.data)
    Mytiming_count_5s                        0x2000077c   Data           4  main.o(.data)
    Serial_RxPacket                          0x20000780   Data         100  serial.o(.bss)
    ESP8266_Buffer                           0x200007e4   Data       10242  esp8266.o(.bss)
    ESP8266_InitStructure                    0x20002fe8   Data          16  main.o(.bss)
    ESP8266_HTTP_PostDataTypestructure       0x20002ff8   Data          20  main.o(.bss)
    ESP8266_HTTP_SendSmsTypestructure        0x2000300c   Data          12  main.o(.bss)
    __libspace_start                         0x20003018   Data          96  libspace.o(.bss)
    __temporary_stack_top$libspace           0x20003078   Data           0  libspace.o(.bss)



==============================================================================

Memory Map of the image

  Image Entry point : 0x080000ed

  Load Region LR_IROM1 (Base: 0x08000000, Size: 0x0000758c, Max: 0x00010000, ABSOLUTE, COMPRESSED[0x00007170])

    Execution Region ER_IROM1 (Base: 0x08000000, Size: 0x00006e0c, Max: 0x00010000, ABSOLUTE)

    Base Addr    Size         Type   Attr      Idx    E Section Name        Object

    0x08000000   0x000000ec   Data   RO            3    RESET               startup_stm32f10x_md.o
    0x080000ec   0x00000008   Code   RO         4062  * !!!main             c_w.l(__main.o)
    0x080000f4   0x00000034   Code   RO         4507    !!!scatter          c_w.l(__scatter.o)
    0x08000128   0x0000005a   Code   RO         4505    !!dczerorl2         c_w.l(__dczerorl2.o)
    0x08000182   0x00000002   PAD
    0x08000184   0x0000001c   Code   RO         4509    !!handler_zi        c_w.l(__scatter_zi.o)
    0x080001a0   0x00000000   Code   RO         4045    .ARM.Collect$$_printf_percent$$00000000  c_w.l(_printf_percent.o)
    0x080001a0   0x00000006   Code   RO         4159    .ARM.Collect$$_printf_percent$$00000001  c_w.l(_printf_n.o)
    0x080001a6   0x00000006   Code   RO         4161    .ARM.Collect$$_printf_percent$$00000002  c_w.l(_printf_p.o)
    0x080001ac   0x00000006   Code   RO         4165    .ARM.Collect$$_printf_percent$$00000003  c_w.l(_printf_f.o)
    0x080001b2   0x00000006   Code   RO         4166    .ARM.Collect$$_printf_percent$$00000004  c_w.l(_printf_e.o)
    0x080001b8   0x00000006   Code   RO         4167    .ARM.Collect$$_printf_percent$$00000005  c_w.l(_printf_g.o)
    0x080001be   0x00000006   Code   RO         4168    .ARM.Collect$$_printf_percent$$00000006  c_w.l(_printf_a.o)
    0x080001c4   0x0000000a   Code   RO         4173    .ARM.Collect$$_printf_percent$$00000007  c_w.l(_printf_ll.o)
    0x080001ce   0x00000006   Code   RO         4163    .ARM.Collect$$_printf_percent$$00000008  c_w.l(_printf_i.o)
    0x080001d4   0x00000006   Code   RO         4044    .ARM.Collect$$_printf_percent$$00000009  c_w.l(_printf_d.o)
    0x080001da   0x00000006   Code   RO         4164    .ARM.Collect$$_printf_percent$$0000000A  c_w.l(_printf_u.o)
    0x080001e0   0x00000006   Code   RO         4162    .ARM.Collect$$_printf_percent$$0000000B  c_w.l(_printf_o.o)
    0x080001e6   0x00000006   Code   RO         4160    .ARM.Collect$$_printf_percent$$0000000C  c_w.l(_printf_x.o)
    0x080001ec   0x00000006   Code   RO         4170    .ARM.Collect$$_printf_percent$$0000000D  c_w.l(_printf_lli.o)
    0x080001f2   0x00000006   Code   RO         4171    .ARM.Collect$$_printf_percent$$0000000E  c_w.l(_printf_lld.o)
    0x080001f8   0x00000006   Code   RO         4172    .ARM.Collect$$_printf_percent$$0000000F  c_w.l(_printf_llu.o)
    0x080001fe   0x00000006   Code   RO         4177    .ARM.Collect$$_printf_percent$$00000010  c_w.l(_printf_llo.o)
    0x08000204   0x00000006   Code   RO         4178    .ARM.Collect$$_printf_percent$$00000011  c_w.l(_printf_llx.o)
    0x0800020a   0x0000000a   Code   RO         4174    .ARM.Collect$$_printf_percent$$00000012  c_w.l(_printf_l.o)
    0x08000214   0x00000006   Code   RO         4158    .ARM.Collect$$_printf_percent$$00000013  c_w.l(_printf_c.o)
    0x0800021a   0x00000006   Code   RO         4043    .ARM.Collect$$_printf_percent$$00000014  c_w.l(_printf_s.o)
    0x08000220   0x00000006   Code   RO         4175    .ARM.Collect$$_printf_percent$$00000015  c_w.l(_printf_lc.o)
    0x08000226   0x00000006   Code   RO         4176    .ARM.Collect$$_printf_percent$$00000016  c_w.l(_printf_ls.o)
    0x0800022c   0x00000004   Code   RO         4169    .ARM.Collect$$_printf_percent$$00000017  c_w.l(_printf_percent_end.o)
    0x08000230   0x00000002   Code   RO         4321    .ARM.Collect$$libinit$$00000000  c_w.l(libinit.o)
    0x08000232   0x00000000   Code   RO         4323    .ARM.Collect$$libinit$$00000002  c_w.l(libinit2.o)
    0x08000232   0x00000000   Code   RO         4325    .ARM.Collect$$libinit$$00000004  c_w.l(libinit2.o)
    0x08000232   0x00000000   Code   RO         4328    .ARM.Collect$$libinit$$0000000A  c_w.l(libinit2.o)
    0x08000232   0x00000000   Code   RO         4330    .ARM.Collect$$libinit$$0000000C  c_w.l(libinit2.o)
    0x08000232   0x00000000   Code   RO         4332    .ARM.Collect$$libinit$$0000000E  c_w.l(libinit2.o)
    0x08000232   0x00000006   Code   RO         4333    .ARM.Collect$$libinit$$0000000F  c_w.l(libinit2.o)
    0x08000238   0x00000000   Code   RO         4335    .ARM.Collect$$libinit$$00000011  c_w.l(libinit2.o)
    0x08000238   0x0000000c   Code   RO         4336    .ARM.Collect$$libinit$$00000012  c_w.l(libinit2.o)
    0x08000244   0x00000000   Code   RO         4337    .ARM.Collect$$libinit$$00000013  c_w.l(libinit2.o)
    0x08000244   0x00000000   Code   RO         4339    .ARM.Collect$$libinit$$00000015  c_w.l(libinit2.o)
    0x08000244   0x0000000a   Code   RO         4340    .ARM.Collect$$libinit$$00000016  c_w.l(libinit2.o)
    0x0800024e   0x00000000   Code   RO         4341    .ARM.Collect$$libinit$$00000017  c_w.l(libinit2.o)
    0x0800024e   0x00000000   Code   RO         4343    .ARM.Collect$$libinit$$00000019  c_w.l(libinit2.o)
    0x0800024e   0x00000000   Code   RO         4345    .ARM.Collect$$libinit$$0000001B  c_w.l(libinit2.o)
    0x0800024e   0x00000000   Code   RO         4347    .ARM.Collect$$libinit$$0000001D  c_w.l(libinit2.o)
    0x0800024e   0x00000000   Code   RO         4349    .ARM.Collect$$libinit$$0000001F  c_w.l(libinit2.o)
    0x0800024e   0x00000000   Code   RO         4351    .ARM.Collect$$libinit$$00000021  c_w.l(libinit2.o)
    0x0800024e   0x00000000   Code   RO         4353    .ARM.Collect$$libinit$$00000023  c_w.l(libinit2.o)
    0x0800024e   0x00000000   Code   RO         4355    .ARM.Collect$$libinit$$00000025  c_w.l(libinit2.o)
    0x0800024e   0x00000000   Code   RO         4359    .ARM.Collect$$libinit$$0000002C  c_w.l(libinit2.o)
    0x0800024e   0x00000000   Code   RO         4361    .ARM.Collect$$libinit$$0000002E  c_w.l(libinit2.o)
    0x0800024e   0x00000000   Code   RO         4363    .ARM.Collect$$libinit$$00000030  c_w.l(libinit2.o)
    0x0800024e   0x00000000   Code   RO         4365    .ARM.Collect$$libinit$$00000032  c_w.l(libinit2.o)
    0x0800024e   0x00000002   Code   RO         4366    .ARM.Collect$$libinit$$00000033  c_w.l(libinit2.o)
    0x08000250   0x00000002   Code   RO         4445    .ARM.Collect$$libshutdown$$00000000  c_w.l(libshutdown.o)
    0x08000252   0x00000000   Code   RO         4462    .ARM.Collect$$libshutdown$$00000002  c_w.l(libshutdown2.o)
    0x08000252   0x00000000   Code   RO         4464    .ARM.Collect$$libshutdown$$00000004  c_w.l(libshutdown2.o)
    0x08000252   0x00000000   Code   RO         4467    .ARM.Collect$$libshutdown$$00000007  c_w.l(libshutdown2.o)
    0x08000252   0x00000000   Code   RO         4470    .ARM.Collect$$libshutdown$$0000000A  c_w.l(libshutdown2.o)
    0x08000252   0x00000000   Code   RO         4472    .ARM.Collect$$libshutdown$$0000000C  c_w.l(libshutdown2.o)
    0x08000252   0x00000000   Code   RO         4475    .ARM.Collect$$libshutdown$$0000000F  c_w.l(libshutdown2.o)
    0x08000252   0x00000002   Code   RO         4476    .ARM.Collect$$libshutdown$$00000010  c_w.l(libshutdown2.o)
    0x08000254   0x00000000   Code   RO         4106    .ARM.Collect$$rtentry$$00000000  c_w.l(__rtentry.o)
    0x08000254   0x00000000   Code   RO         4212    .ARM.Collect$$rtentry$$00000002  c_w.l(__rtentry2.o)
    0x08000254   0x00000006   Code   RO         4224    .ARM.Collect$$rtentry$$00000004  c_w.l(__rtentry4.o)
    0x0800025a   0x00000000   Code   RO         4214    .ARM.Collect$$rtentry$$00000009  c_w.l(__rtentry2.o)
    0x0800025a   0x00000004   Code   RO         4215    .ARM.Collect$$rtentry$$0000000A  c_w.l(__rtentry2.o)
    0x0800025e   0x00000000   Code   RO         4217    .ARM.Collect$$rtentry$$0000000C  c_w.l(__rtentry2.o)
    0x0800025e   0x00000008   Code   RO         4218    .ARM.Collect$$rtentry$$0000000D  c_w.l(__rtentry2.o)
    0x08000266   0x00000002   Code   RO         4379    .ARM.Collect$$rtexit$$00000000  c_w.l(rtexit.o)
    0x08000268   0x00000000   Code   RO         4406    .ARM.Collect$$rtexit$$00000002  c_w.l(rtexit2.o)
    0x08000268   0x00000004   Code   RO         4407    .ARM.Collect$$rtexit$$00000003  c_w.l(rtexit2.o)
    0x0800026c   0x00000006   Code   RO         4408    .ARM.Collect$$rtexit$$00000004  c_w.l(rtexit2.o)
    0x08000272   0x00000002   PAD
    0x08000274   0x00000040   Code   RO            4    .text               startup_stm32f10x_md.o
    0x080002b4   0x00000024   Code   RO         4011    .text               c_w.l(vsprintf.o)
    0x080002d8   0x0000002c   Code   RO         4013    .text               c_w.l(__2sprintf.o)
    0x08000304   0x00000052   Code   RO         4019    .text               c_w.l(_printf_str.o)
    0x08000356   0x00000002   PAD
    0x08000358   0x00000078   Code   RO         4021    .text               c_w.l(_printf_dec.o)
    0x080003d0   0x00000188   Code   RO         4040    .text               c_w.l(__printf_flags_ss_wp.o)
    0x08000558   0x0000003c   Code   RO         4046    .text               c_w.l(__0sscanf.o)
    0x08000594   0x0000001a   Code   RO         4048    .text               c_w.l(atoi.o)
    0x080005ae   0x00000014   Code   RO         4050    .text               c_w.l(strchr.o)
    0x080005c2   0x00000024   Code   RO         4052    .text               c_w.l(strstr.o)
    0x080005e6   0x0000003e   Code   RO         4054    .text               c_w.l(strlen.o)
    0x08000624   0x00000044   Code   RO         4056    .text               c_w.l(rt_memclr.o)
    0x08000668   0x00000056   Code   RO         4058    .text               c_w.l(strncpy.o)
    0x080006be   0x00000006   Code   RO         4060    .text               c_w.l(heapauxi.o)
    0x080006c4   0x00000008   Code   RO         4110    .text               c_w.l(rt_errno_addr_intlibspace.o)
    0x080006cc   0x0000004e   Code   RO         4112    .text               c_w.l(_printf_pad.o)
    0x0800071a   0x00000024   Code   RO         4114    .text               c_w.l(_printf_truncate.o)
    0x0800073e   0x000000b2   Code   RO         4116    .text               c_w.l(_printf_intcommon.o)
    0x080007f0   0x00000028   Code   RO         4118    .text               c_w.l(_printf_charcount.o)
    0x08000818   0x00000030   Code   RO         4120    .text               c_w.l(_printf_char_common.o)
    0x08000848   0x0000000a   Code   RO         4122    .text               c_w.l(_sputc.o)
    0x08000852   0x0000002c   Code   RO         4124    .text               c_w.l(_printf_char.o)
    0x0800087e   0x00000002   PAD
    0x08000880   0x000000bc   Code   RO         4126    .text               c_w.l(_printf_wctomb.o)
    0x0800093c   0x0000007c   Code   RO         4129    .text               c_w.l(_printf_longlong_dec.o)
    0x080009b8   0x00000070   Code   RO         4135    .text               c_w.l(_printf_oct_int_ll.o)
    0x08000a28   0x00000094   Code   RO         4155    .text               c_w.l(_printf_hex_int_ll_ptr.o)
    0x08000abc   0x000004a4   Code   RO         4179    .text               c_w.l(scanf_fp.o)
    0x08000f60   0x0000002c   Code   RO         4181    .text               c_w.l(scanf_char.o)
    0x08000f8c   0x00000040   Code   RO         4183    .text               c_w.l(_sgetc.o)
    0x08000fcc   0x00000070   Code   RO         4185    .text               c_w.l(strtol.o)
    0x0800103c   0x0000004e   Code   RO         4187    .text               c_w.l(rt_memclr_w.o)
    0x0800108a   0x00000002   PAD
    0x0800108c   0x00000008   Code   RO         4208    .text               c_w.l(libspace.o)
    0x08001094   0x00000010   Code   RO         4226    .text               c_w.l(rt_ctype_table.o)
    0x080010a4   0x00000008   Code   RO         4231    .text               c_w.l(rt_locale_intlibspace.o)
    0x080010ac   0x0000008a   Code   RO         4233    .text               c_w.l(lludiv10.o)
    0x08001136   0x00000012   Code   RO         4235    .text               c_w.l(isspace.o)
    0x08001148   0x0000041a   Code   RO         4237    .text               c_w.l(_printf_fp_dec.o)
    0x08001562   0x00000002   PAD
    0x08001564   0x000002fc   Code   RO         4239    .text               c_w.l(_printf_fp_hex.o)
    0x08001860   0x0000002c   Code   RO         4244    .text               c_w.l(_printf_wchar.o)
    0x0800188c   0x00000374   Code   RO         4246    .text               c_w.l(_scanf.o)
    0x08001c00   0x0000009e   Code   RO         4248    .text               c_w.l(_strtoul.o)
    0x08001c9e   0x00000002   PAD
    0x08001ca0   0x000000dc   Code   RO         4250    .text               c_w.l(bigflt0.o)
    0x08001d7c   0x00000040   Code   RO         4275    .text               c_w.l(_wcrtomb.o)
    0x08001dbc   0x0000004a   Code   RO         4297    .text               c_w.l(sys_stackheap_outer.o)
    0x08001e06   0x00000016   Code   RO         4299    .text               c_w.l(_rserrno.o)
    0x08001e1c   0x00000080   Code   RO         4301    .text               c_w.l(_printf_fp_infnan.o)
    0x08001e9c   0x0000001c   Code   RO         4303    .text               c_w.l(_chval.o)
    0x08001eb8   0x00000320   Code   RO         4305    .text               c_w.l(scanf_hexfp.o)
    0x080021d8   0x00000134   Code   RO         4307    .text               c_w.l(scanf_infnan.o)
    0x0800230c   0x00000012   Code   RO         4312    .text               c_w.l(exit.o)
    0x0800231e   0x00000002   PAD
    0x08002320   0x00000080   Code   RO         4314    .text               c_w.l(strcmpv7m.o)
    0x080023a0   0x00000026   Code   RO         4381    .text               c_w.l(llshl.o)
    0x080023c6   0x00000002   PAD
    0x080023c8   0x0000000c   Code   RO         4435    .text               c_w.l(sys_exit.o)
    0x080023d4   0x00000002   Code   RO         4452    .text               c_w.l(use_no_semi.o)
    0x080023d6   0x00000000   Code   RO         4454    .text               c_w.l(indicate_semi.o)
    0x080023d6   0x0000003e   Code   RO         4253    CL$$btod_d2e        c_w.l(btod.o)
    0x08002414   0x00000046   Code   RO         4255    CL$$btod_d2e_denorm_low  c_w.l(btod.o)
    0x0800245a   0x00000060   Code   RO         4254    CL$$btod_d2e_norm_op1  c_w.l(btod.o)
    0x080024ba   0x00000338   Code   RO         4263    CL$$btod_div_common  c_w.l(btod.o)
    0x080027f2   0x00000002   PAD
    0x080027f4   0x00000054   Code   RO         4261    CL$$btod_e2d        c_w.l(btod.o)
    0x08002848   0x000000c6   Code   RO         4260    CL$$btod_e2e        c_w.l(btod.o)
    0x0800290e   0x00000028   Code   RO         4257    CL$$btod_ediv       c_w.l(btod.o)
    0x08002936   0x00000028   Code   RO         4259    CL$$btod_edivd      c_w.l(btod.o)
    0x0800295e   0x00000028   Code   RO         4256    CL$$btod_emul       c_w.l(btod.o)
    0x08002986   0x00000028   Code   RO         4258    CL$$btod_emuld      c_w.l(btod.o)
    0x080029ae   0x00000244   Code   RO         4262    CL$$btod_mult_common  c_w.l(btod.o)
    0x08002bf2   0x00000016   Code   RO          202    i.ADC_Cmd           stm32f10x_adc.o
    0x08002c08   0x0000005c   Code   RO          204    i.ADC_DeInit        stm32f10x_adc.o
    0x08002c64   0x00000014   Code   RO          210    i.ADC_GetCalibrationStatus  stm32f10x_adc.o
    0x08002c78   0x00000008   Code   RO          211    i.ADC_GetConversionValue  stm32f10x_adc.o
    0x08002c80   0x00000012   Code   RO          213    i.ADC_GetFlagStatus  stm32f10x_adc.o
    0x08002c92   0x00000014   Code   RO          216    i.ADC_GetResetCalibrationStatus  stm32f10x_adc.o
    0x08002ca6   0x00000002   PAD
    0x08002ca8   0x00000050   Code   RO          220    i.ADC_Init          stm32f10x_adc.o
    0x08002cf8   0x000000b8   Code   RO          224    i.ADC_RegularChannelConfig  stm32f10x_adc.o
    0x08002db0   0x0000000a   Code   RO          225    i.ADC_ResetCalibration  stm32f10x_adc.o
    0x08002dba   0x00000016   Code   RO          227    i.ADC_SoftwareStartConvCmd  stm32f10x_adc.o
    0x08002dd0   0x0000000a   Code   RO          229    i.ADC_StartCalibration  stm32f10x_adc.o
    0x08002dda   0x00000002   PAD
    0x08002ddc   0x00000094   Code   RO         3690    i.Adc_Init          adc.o
    0x08002e70   0x00000004   Code   RO         3946    i.BusFault_Handler  stm32f10x_it.o
    0x08002e74   0x0000002c   Code   RO         3427    i.DH11_GPIO_Init    dht11.o
    0x08002ea0   0x00000060   Code   RO         3428    i.DHT11ReadByte     dht11.o
    0x08002f00   0x0000007e   Code   RO         3429    i.DHT11ReadData     dht11.o
    0x08002f7e   0x00000002   PAD
    0x08002f80   0x0000008c   Code   RO         3430    i.DHT11RstAndCheck  dht11.o
    0x0800300c   0x00000002   Code   RO         3947    i.DebugMon_Handler  stm32f10x_it.o
    0x0800300e   0x00000018   Code   RO         3196    i.Delay_ms          delay.o
    0x08003026   0x0000002e   Code   RO         3198    i.Delay_us          delay.o
    0x08003054   0x00000034   Code   RO         3588    i.ESP8266_ClearBuffer  esp8266.o
    0x08003088   0x000000e0   Code   RO         3589    i.ESP8266_ConnectServer  esp8266.o
    0x08003168   0x00000002   Code   RO         3590    i.ESP8266_FrameFinish_CallBack  esp8266.o
    0x0800316a   0x00000002   PAD
    0x0800316c   0x00000008   Code   RO         3591    i.ESP8266_GetBuffer  esp8266.o
    0x08003174   0x000000dc   Code   RO         3592    i.ESP8266_HTTPPostData  esp8266.o
    0x08003250   0x00000064   Code   RO         3594    i.ESP8266_HTTP_Get  esp8266.o
    0x080032b4   0x00000024   Code   RO         3595    i.ESP8266_Init      esp8266.o
    0x080032d8   0x0000010c   Code   RO         3596    i.ESP8266_InitConnection  esp8266.o
    0x080033e4   0x0000002c   Code   RO         3597    i.ESP8266_Printf    esp8266.o
    0x08003410   0x00000020   Code   RO         3599    i.ESP8266_SendByte  esp8266.o
    0x08003430   0x00000048   Code   RO         3600    i.ESP8266_SendCmd   esp8266.o
    0x08003478   0x00000018   Code   RO         3601    i.ESP8266_SendString  esp8266.o
    0x08003490   0x00000058   Code   RO         3741    i.EXTI0_IRQHandler  sensor.o
    0x080034e8   0x00000058   Code   RO         3742    i.EXTI1_IRQHandler  sensor.o
    0x08003540   0x0000000c   Code   RO          985    i.EXTI_ClearITPendingBit  stm32f10x_exti.o
    0x0800354c   0x00000028   Code   RO          989    i.EXTI_GetITStatus  stm32f10x_exti.o
    0x08003574   0x00000094   Code   RO          990    i.EXTI_Init         stm32f10x_exti.o
    0x08003608   0x000000c4   Code   RO         3717    i.GP2Y1014AU_GetInfo  gp2y.o
    0x080036cc   0x0000002c   Code   RO         3718    i.GP2Y1014AU_init   gp2y.o
    0x080036f8   0x00000040   Code   RO         1344    i.GPIO_EXTILineConfig  stm32f10x_gpio.o
    0x08003738   0x00000116   Code   RO         1347    i.GPIO_Init         stm32f10x_gpio.o
    0x0800384e   0x00000012   Code   RO         1351    i.GPIO_ReadInputDataBit  stm32f10x_gpio.o
    0x08003860   0x00000004   Code   RO         1354    i.GPIO_ResetBits    stm32f10x_gpio.o
    0x08003864   0x00000004   Code   RO         1355    i.GPIO_SetBits      stm32f10x_gpio.o
    0x08003868   0x0000000a   Code   RO         1358    i.GPIO_WriteBit     stm32f10x_gpio.o
    0x08003872   0x00000002   PAD
    0x08003874   0x00000034   Code   RO         3691    i.Get_Adc           adc.o
    0x080038a8   0x0000002e   Code   RO         3692    i.Get_Adc_Average   adc.o
    0x080038d6   0x00000004   Code   RO         3948    i.HardFault_Handler  stm32f10x_it.o
    0x080038da   0x00000026   Code   RO         3507    i.IsConcentrationOverThreshold  utils.o
    0x08003900   0x00000026   Code   RO         3508    i.IsHumidityOverThreshold  utils.o
    0x08003926   0x00000026   Code   RO         3509    i.IsTemperatureOverThreshold  utils.o
    0x0800394c   0x00000030   Code   RO         3480    i.LED_Init          led.o
    0x0800397c   0x00000014   Code   RO         3481    i.LED_Off           led.o
    0x08003990   0x00000004   Code   RO         3949    i.MemManage_Handler  stm32f10x_it.o
    0x08003994   0x00000030   Code   RO         3834    i.Motor_Init        motor.o
    0x080039c4   0x00000048   Code   RO         3835    i.Motor_SetSpeed    motor.o
    0x08003a0c   0x00000072   Code   RO         3783    i.Mytiming_Init     mytiming.o
    0x08003a7e   0x00000002   Code   RO         3858    i.Mytiming_callback_1s  main.o
    0x08003a80   0x0000000c   Code   RO         3859    i.Mytiming_callback_3s  main.o
    0x08003a8c   0x0000000c   Code   RO         3860    i.Mytiming_callback_5s  main.o
    0x08003a98   0x00000002   Code   RO         3950    i.NMI_Handler       stm32f10x_it.o
    0x08003a9a   0x00000002   PAD
    0x08003a9c   0x00000070   Code   RO          137    i.NVIC_Init         misc.o
    0x08003b0c   0x00000014   Code   RO          138    i.NVIC_PriorityGroupConfig  misc.o
    0x08003b20   0x0000002a   Code   RO         3220    i.OLED_Clear        oled.o
    0x08003b4a   0x00000002   PAD
    0x08003b4c   0x00000050   Code   RO         3221    i.OLED_I2C_Init     oled.o
    0x08003b9c   0x00000054   Code   RO         3222    i.OLED_I2C_SendByte  oled.o
    0x08003bf0   0x00000034   Code   RO         3223    i.OLED_I2C_Start    oled.o
    0x08003c24   0x00000028   Code   RO         3224    i.OLED_I2C_Stop     oled.o
    0x08003c4c   0x000000ae   Code   RO         3225    i.OLED_Init         oled.o
    0x08003cfa   0x00000014   Code   RO         3226    i.OLED_Pow          oled.o
    0x08003d0e   0x00000022   Code   RO         3227    i.OLED_SetCursor    oled.o
    0x08003d30   0x00000074   Code   RO         3229    i.OLED_ShowChar     oled.o
    0x08003da4   0x00000064   Code   RO         3230    i.OLED_ShowChinese  oled.o
    0x08003e08   0x00000044   Code   RO         3232    i.OLED_ShowNum      oled.o
    0x08003e4c   0x00000028   Code   RO         3234    i.OLED_ShowString   oled.o
    0x08003e74   0x00000020   Code   RO         3235    i.OLED_WriteCommand  oled.o
    0x08003e94   0x00000020   Code   RO         3236    i.OLED_WriteData    oled.o
    0x08003eb4   0x00000094   Code   RO         3816    i.PWM_Init          pwm.o
    0x08003f48   0x00000014   Code   RO         3817    i.PWM_SetCompare3   pwm.o
    0x08003f5c   0x00000002   Code   RO         3951    i.PendSV_Handler    stm32f10x_it.o
    0x08003f5e   0x00000002   PAD
    0x08003f60   0x00000018   Code   RO         1773    i.RCC_ADCCLKConfig  stm32f10x_rcc.o
    0x08003f78   0x00000020   Code   RO         1775    i.RCC_APB1PeriphClockCmd  stm32f10x_rcc.o
    0x08003f98   0x00000020   Code   RO         1777    i.RCC_APB2PeriphClockCmd  stm32f10x_rcc.o
    0x08003fb8   0x00000020   Code   RO         1778    i.RCC_APB2PeriphResetCmd  stm32f10x_rcc.o
    0x08003fd8   0x000000d4   Code   RO         1785    i.RCC_GetClocksFreq  stm32f10x_rcc.o
    0x080040ac   0x00000002   Code   RO         3952    i.SVC_Handler       stm32f10x_it.o
    0x080040ae   0x00000002   PAD
    0x080040b0   0x00000110   Code   RO         3744    i.Sensor_Init       sensor.o
    0x080041c0   0x00000008   Code   RO         3335    i.Serial_Init       serial.o
    0x080041c8   0x0000002c   Code   RO         3337    i.Serial_Printf     serial.o
    0x080041f4   0x00000020   Code   RO         3339    i.Serial_SendByte   serial.o
    0x08004214   0x00000018   Code   RO         3341    i.Serial_SendString  serial.o
    0x0800422c   0x00000008   Code   RO           24    i.SetSysClock       system_stm32f10x.o
    0x08004234   0x000000e0   Code   RO           25    i.SetSysClockTo72   system_stm32f10x.o
    0x08004314   0x00000002   Code   RO         3953    i.SysTick_Handler   stm32f10x_it.o
    0x08004316   0x00000002   PAD
    0x08004318   0x00000060   Code   RO           27    i.SystemInit        system_stm32f10x.o
    0x08004378   0x00000090   Code   RO         3861    i.TIM2_IRQHandler   main.o
    0x08004408   0x0000003c   Code   RO         3745    i.TIM3_IRQHandler   sensor.o
    0x08004444   0x00000006   Code   RO         2415    i.TIM_ClearFlag     stm32f10x_tim.o
    0x0800444a   0x00000006   Code   RO         2416    i.TIM_ClearITPendingBit  stm32f10x_tim.o
    0x08004450   0x00000018   Code   RO         2421    i.TIM_Cmd           stm32f10x_tim.o
    0x08004468   0x00000022   Code   RO         2442    i.TIM_GetITStatus   stm32f10x_tim.o
    0x0800448a   0x00000012   Code   RO         2446    i.TIM_ITConfig      stm32f10x_tim.o
    0x0800449c   0x0000000c   Code   RO         2448    i.TIM_InternalClockConfig  stm32f10x_tim.o
    0x080044a8   0x000000a4   Code   RO         2455    i.TIM_OC2Init       stm32f10x_tim.o
    0x0800454c   0x00000014   Code   RO         2468    i.TIM_OCStructInit  stm32f10x_tim.o
    0x08004560   0x00000004   Code   RO         2483    i.TIM_SetCompare2   stm32f10x_tim.o
    0x08004564   0x000000a4   Code   RO         2492    i.TIM_TimeBaseInit  stm32f10x_tim.o
    0x08004608   0x000000a0   Code   RO         3342    i.USART2_IRQHandler  serial.o
    0x080046a8   0x000000a4   Code   RO         3602    i.USART3_IRQHandler  esp8266.o
    0x0800474c   0x0000001e   Code   RO         2957    i.USART_ClearITPendingBit  stm32f10x_usart.o
    0x0800476a   0x00000018   Code   RO         2960    i.USART_Cmd         stm32f10x_usart.o
    0x08004782   0x0000001a   Code   RO         2963    i.USART_GetFlagStatus  stm32f10x_usart.o
    0x0800479c   0x00000054   Code   RO         2964    i.USART_GetITStatus  stm32f10x_usart.o
    0x080047f0   0x0000004a   Code   RO         2966    i.USART_ITConfig    stm32f10x_usart.o
    0x0800483a   0x00000002   PAD
    0x0800483c   0x000000d8   Code   RO         2967    i.USART_Init        stm32f10x_usart.o
    0x08004914   0x0000000a   Code   RO         2974    i.USART_ReceiveData  stm32f10x_usart.o
    0x0800491e   0x00000008   Code   RO         2977    i.USART_SendData    stm32f10x_usart.o
    0x08004926   0x00000004   Code   RO         3954    i.UsageFault_Handler  stm32f10x_it.o
    0x0800492a   0x00000002   PAD
    0x0800492c   0x000000ac   Code   RO         3404    i.Usart2_Init       usart.o
    0x080049d8   0x000000b8   Code   RO         3405    i.Usart3_Init       usart.o
    0x08004a90   0x0000006c   Code   RO         3512    i.Utils_GetInformationOfThreshold_16  utils.o
    0x08004afc   0x0000006c   Code   RO         3513    i.Utils_GetInformationOfThreshold_8  utils.o
    0x08004b68   0x00000128   Code   RO         3514    i.Utils_GetPIDOutputSpeed  utils.o
    0x08004c90   0x00000030   Code   RO         3515    i.Utils_IsOverThreshold  utils.o
    0x08004cc0   0x0000007c   Code   RO         3516    i.Utils_ShowWelcomeMessage  utils.o
    0x08004d3c   0x00000028   Code   RO         4373    i.__ARM_fpclassify  m_ws.l(fpclassify.o)
    0x08004d64   0x0000000e   Code   RO         4422    i.__mathlib_dbl_overflow  m_ws.l(dunder.o)
    0x08004d72   0x00000002   PAD
    0x08004d74   0x00000010   Code   RO         4424    i.__mathlib_dbl_underflow  m_ws.l(dunder.o)
    0x08004d84   0x00000010   Code   RO         4291    i.__mathlib_narrow  m_ws.l(narrow.o)
    0x08004d94   0x00000088   Code   RO         4292    i.__mathlib_tofloat  m_ws.l(narrow.o)
    0x08004e1c   0x00000006   Code   RO         3431    i.__set_PRIMASK     dht11.o
    0x08004e22   0x00000016   Code   RO         4394    i.__support_ldexp   m_ws.l(ldexp.o)
    0x08004e38   0x0000000e   Code   RO         4033    i._is_digit         c_w.l(__printf_wp.o)
    0x08004e46   0x00000002   PAD
    0x08004e48   0x00000058   Code   RO         4376    i.frexp             m_ws.l(frexp.o)
    0x08004ea0   0x00000074   Code   RO         4395    i.ldexp             m_ws.l(ldexp.o)
    0x08004f14   0x00000674   Code   RO         3862    i.main              main.o
    0x08005588   0x0000002c   Code   RO         4278    locale$$code        c_w.l(lc_numeric_c.o)
    0x080055b4   0x0000002c   Code   RO         4310    locale$$code        c_w.l(lc_ctype_c.o)
    0x080055e0   0x00000062   Code   RO         4367    x$fpl$d2f           fz_ws.l(d2f.o)
    0x08005642   0x00000002   PAD
    0x08005644   0x00000150   Code   RO         4064    x$fpl$dadd          fz_ws.l(daddsub_clz.o)
    0x08005794   0x00000010   Code   RO         4416    x$fpl$dcheck1       fz_ws.l(dcheck1.o)
    0x080057a4   0x00000018   Code   RO         4385    x$fpl$dcmpinf       fz_ws.l(dcmpi.o)
    0x080057bc   0x00000078   Code   RO         4369    x$fpl$deqf          fz_ws.l(deqf.o)
    0x08005834   0x0000005e   Code   RO         4070    x$fpl$dfix          fz_ws.l(dfix.o)
    0x08005892   0x00000002   PAD
    0x08005894   0x00000078   Code   RO         4387    x$fpl$dleqf         fz_ws.l(dleqf.o)
    0x0800590c   0x00000154   Code   RO         4074    x$fpl$dmul          fz_ws.l(dmul.o)
    0x08005a60   0x0000009c   Code   RO         4189    x$fpl$dnaninf       fz_ws.l(dnaninf.o)
    0x08005afc   0x0000000c   Code   RO         4191    x$fpl$dretinf       fz_ws.l(dretinf.o)
    0x08005b08   0x0000006c   Code   RO         4371    x$fpl$drleqf        fz_ws.l(drleqf.o)
    0x08005b74   0x000001d4   Code   RO         4066    x$fpl$dsub          fz_ws.l(daddsub_clz.o)
    0x08005d48   0x00000056   Code   RO         4076    x$fpl$f2d           fz_ws.l(f2d.o)
    0x08005d9e   0x00000002   PAD
    0x08005da0   0x000000c4   Code   RO         4078    x$fpl$fadd          fz_ws.l(faddsub_clz.o)
    0x08005e64   0x00000018   Code   RO         4193    x$fpl$fcmpinf       fz_ws.l(fcmpi.o)
    0x08005e7c   0x00000184   Code   RO         4085    x$fpl$fdiv          fz_ws.l(fdiv.o)
    0x08006000   0x0000003e   Code   RO         4088    x$fpl$ffixu         fz_ws.l(ffixu.o)
    0x0800603e   0x00000002   PAD
    0x08006040   0x00000026   Code   RO         4092    x$fpl$ffltu         fz_ws.l(fflt_clz.o)
    0x08006066   0x00000002   PAD
    0x08006068   0x00000068   Code   RO         4098    x$fpl$fleqf         fz_ws.l(fleqf.o)
    0x080060d0   0x00000102   Code   RO         4100    x$fpl$fmul          fz_ws.l(fmul.o)
    0x080061d2   0x0000008c   Code   RO         4195    x$fpl$fnaninf       fz_ws.l(fnaninf.o)
    0x0800625e   0x0000000a   Code   RO         4197    x$fpl$fretinf       fz_ws.l(fretinf.o)
    0x08006268   0x00000062   Code   RO         4102    x$fpl$frleqf        fz_ws.l(frleqf.o)
    0x080062ca   0x00000002   PAD
    0x080062cc   0x000000ea   Code   RO         4080    x$fpl$fsub          fz_ws.l(faddsub_clz.o)
    0x080063b6   0x00000004   Code   RO         4199    x$fpl$printf1       fz_ws.l(printf1.o)
    0x080063ba   0x00000004   Code   RO         4201    x$fpl$printf2       fz_ws.l(printf2.o)
    0x080063be   0x00000064   Code   RO         4450    x$fpl$retnan        fz_ws.l(retnan.o)
    0x08006422   0x0000005c   Code   RO         4391    x$fpl$scalbn        fz_ws.l(scalbn.o)
    0x0800647e   0x00000004   Code   RO         4104    x$fpl$scanf1        fz_ws.l(scanf1.o)
    0x08006482   0x00000008   Code   RO         4285    x$fpl$scanf2        fz_ws.l(scanf2.o)
    0x0800648a   0x00000030   Code   RO         4477    x$fpl$trapveneer    fz_ws.l(trapv.o)
    0x080064ba   0x00000000   Code   RO         4207    x$fpl$usenofp       fz_ws.l(usenofp.o)
    0x080064ba   0x000005f0   Data   RO         3237    .constdata          oled.o
    0x08006aaa   0x00000011   Data   RO         4041    .constdata          c_w.l(__printf_flags_ss_wp.o)
    0x08006abb   0x00000001   PAD
    0x08006abc   0x00000008   Data   RO         4127    .constdata          c_w.l(_printf_wctomb.o)
    0x08006ac4   0x00000028   Data   RO         4156    .constdata          c_w.l(_printf_hex_int_ll_ptr.o)
    0x08006aec   0x00000026   Data   RO         4240    .constdata          c_w.l(_printf_fp_hex.o)
    0x08006b12   0x00000002   PAD
    0x08006b14   0x00000094   Data   RO         4251    .constdata          c_w.l(bigflt0.o)
    0x08006ba8   0x000000b3   Data   RO         3604    .conststring        esp8266.o
    0x08006c5b   0x00000001   PAD
    0x08006c5c   0x0000005c   Data   RO         3864    .conststring        main.o
    0x08006cb8   0x00000020   Data   RO         4503    Region$$Table       anon$$obj.o
    0x08006cd8   0x00000008   Data   RO         4280    c$$dinf             fz_ws.l(fpconst.o)
    0x08006ce0   0x0000001c   Data   RO         4277    locale$$data        c_w.l(lc_numeric_c.o)
    0x08006cfc   0x00000110   Data   RO         4309    locale$$data        c_w.l(lc_ctype_c.o)


    Execution Region RW_IRAM1 (Base: 0x20000000, Size: 0x00003678, Max: 0x00005000, ABSOLUTE, COMPRESSED[0x00000364])

    Base Addr    Size         Type   Attr      Idx    E Section Name        Object

    0x20000000   0x00000014   Data   RW           28    .data               system_stm32f10x.o
    0x20000014   0x00000014   Data   RW         1805    .data               stm32f10x_rcc.o
    0x20000028   0x00000700   Data   RW         3238    .data               oled.o
    0x20000728   0x00000003   Data   RW         3344    .data               serial.o
    0x2000072b   0x00000001   PAD
    0x2000072c   0x00000024   Data   RW         3517    .data               utils.o
    0x20000750   0x00000006   Data   RW         3746    .data               sensor.o
    0x20000756   0x00000002   PAD
    0x20000758   0x00000028   Data   RW         3865    .data               main.o
    0x20000780   0x00000064   Zero   RW         3343    .bss                serial.o
    0x200007e4   0x00002802   Zero   RW         3603    .bss                esp8266.o
    0x20002fe6   0x00000002   PAD
    0x20002fe8   0x00000030   Zero   RW         3863    .bss                main.o
    0x20003018   0x00000060   Zero   RW         4209    .bss                c_w.l(libspace.o)
    0x20003078   0x00000200   Zero   RW            2    HEAP                startup_stm32f10x_md.o
    0x20003278   0x00000400   Zero   RW            1    STACK               startup_stm32f10x_md.o


==============================================================================

Image component sizes


      Code (inc. data)   RO Data    RW Data    ZI Data      Debug   Object Name

       246         16          0          0          0       1919   adc.o
         0          0          0          0          0       4540   core_cm3.o
        70          0          0          0          0       1058   delay.o
       412         16          0          0          0      18747   dht11.o
      1246        428        179          0      10242      10284   esp8266.o
       240         38          0          0          0       1227   gp2y.o
        68         10          0          0          0       1021   led.o
      1822        360         92         40         48       6399   main.o
       132         22          0          0          0     216411   misc.o
       120         10          0          0          0       1126   motor.o
       114          0          0          0          0        628   mytiming.o
       914         28       1520       1792          0       9368   oled.o
       168         16          0          0          0       1237   pwm.o
       508         58          0          6          0       2805   sensor.o
       268         24          0          3        100       4408   serial.o
        64         26        236          0       1536        868   startup_stm32f10x_md.o
       486         24          0          0          0      19782   stm32f10x_adc.o
       200         18          0          0          0       4436   stm32f10x_exti.o
       378          4          0          0          0      13458   stm32f10x_gpio.o
        26          0          0          0          0       4350   stm32f10x_it.o
       332         44          0         20          0      14566   stm32f10x_rcc.o
       452         52          0          0          0      27103   stm32f10x_tim.o
       472          6          0          0          0      13151   stm32f10x_usart.o
       328         28          0         20          0      46109   system_stm32f10x.o
       356         16          0          0          0       1464   usart.o
       798         72          0         36          0       8059   utils.o

    ----------------------------------------------------------------------
     10244       1316       2060       1920      11928     434524   Object Totals
         0          0         32          0          0          0   (incl. Generated)
        24          0          1          3          2          0   (incl. Padding)

    ----------------------------------------------------------------------

      Code (inc. data)   RO Data    RW Data    ZI Data      Debug   Library Member Name

        60          8          0          0          0         84   __0sscanf.o
        44          6          0          0          0         84   __2sprintf.o
        90          0          0          0          0          0   __dczerorl2.o
         8          0          0          0          0         68   __main.o
       392          4         17          0          0         92   __printf_flags_ss_wp.o
        14          0          0          0          0         68   __printf_wp.o
         0          0          0          0          0          0   __rtentry.o
        12          0          0          0          0          0   __rtentry2.o
         6          0          0          0          0          0   __rtentry4.o
        52          8          0          0          0          0   __scatter.o
        28          0          0          0          0          0   __scatter_zi.o
        28          0          0          0          0         68   _chval.o
         6          0          0          0          0          0   _printf_a.o
         6          0          0          0          0          0   _printf_c.o
        44          0          0          0          0        108   _printf_char.o
        48          6          0          0          0         96   _printf_char_common.o
        40          0          0          0          0         68   _printf_charcount.o
         6          0          0          0          0          0   _printf_d.o
       120         16          0          0          0         92   _printf_dec.o
         6          0          0          0          0          0   _printf_e.o
         6          0          0          0          0          0   _printf_f.o
      1050          0          0          0          0        216   _printf_fp_dec.o
       764          8         38          0          0        100   _printf_fp_hex.o
       128         16          0          0          0         84   _printf_fp_infnan.o
         6          0          0          0          0          0   _printf_g.o
       148          4         40          0          0        160   _printf_hex_int_ll_ptr.o
         6          0          0          0          0          0   _printf_i.o
       178          0          0          0          0         88   _printf_intcommon.o
        10          0          0          0          0          0   _printf_l.o
         6          0          0          0          0          0   _printf_lc.o
        10          0          0          0          0          0   _printf_ll.o
         6          0          0          0          0          0   _printf_lld.o
         6          0          0          0          0          0   _printf_lli.o
         6          0          0          0          0          0   _printf_llo.o
         6          0          0          0          0          0   _printf_llu.o
         6          0          0          0          0          0   _printf_llx.o
       124         16          0          0          0         92   _printf_longlong_dec.o
         6          0          0          0          0          0   _printf_ls.o
         6          0          0          0          0          0   _printf_n.o
         6          0          0          0          0          0   _printf_o.o
       112         10          0          0          0        124   _printf_oct_int_ll.o
         6          0          0          0          0          0   _printf_p.o
        78          0          0          0          0        108   _printf_pad.o
         0          0          0          0          0          0   _printf_percent.o
         4          0          0          0          0          0   _printf_percent_end.o
         6          0          0          0          0          0   _printf_s.o
        82          0          0          0          0         80   _printf_str.o
        36          0          0          0          0         84   _printf_truncate.o
         6          0          0          0          0          0   _printf_u.o
        44          0          0          0          0        108   _printf_wchar.o
       188          6          8          0          0         92   _printf_wctomb.o
         6          0          0          0          0          0   _printf_x.o
        22          0          0          0          0        100   _rserrno.o
       884          6          0          0          0        100   _scanf.o
        64          0          0          0          0         84   _sgetc.o
        10          0          0          0          0         68   _sputc.o
       158          0          0          0          0         92   _strtoul.o
        64          0          0          0          0         92   _wcrtomb.o
        26          0          0          0          0         80   atoi.o
       220          4        148          0          0         96   bigflt0.o
      2074        132          0          0          0        940   btod.o
        18          0          0          0          0         80   exit.o
         6          0          0          0          0        152   heapauxi.o
         0          0          0          0          0          0   indicate_semi.o
        18          0          0          0          0         76   isspace.o
        44         10        272          0          0         76   lc_ctype_c.o
        44         10         28          0          0         76   lc_numeric_c.o
         2          0          0          0          0          0   libinit.o
        30          0          0          0          0          0   libinit2.o
         2          0          0          0          0          0   libshutdown.o
         2          0          0          0          0          0   libshutdown2.o
         8          4          0          0         96         68   libspace.o
        38          0          0          0          0         68   llshl.o
       138          0          0          0          0         80   lludiv10.o
        16          4          0          0          0         76   rt_ctype_table.o
         8          4          0          0          0         68   rt_errno_addr_intlibspace.o
         8          4          0          0          0         68   rt_locale_intlibspace.o
        68          0          0          0          0         68   rt_memclr.o
        78          0          0          0          0         80   rt_memclr_w.o
         2          0          0          0          0          0   rtexit.o
        10          0          0          0          0          0   rtexit2.o
        44          8          0          0          0         84   scanf_char.o
      1188         12          0          0          0        148   scanf_fp.o
       800         14          0          0          0        100   scanf_hexfp.o
       308         16          0          0          0        100   scanf_infnan.o
        20          0          0          0          0         68   strchr.o
       128          0          0          0          0         68   strcmpv7m.o
        62          0          0          0          0         76   strlen.o
        86          0          0          0          0         76   strncpy.o
        36          0          0          0          0         80   strstr.o
       112          0          0          0          0         88   strtol.o
        12          4          0          0          0         68   sys_exit.o
        74          0          0          0          0         80   sys_stackheap_outer.o
         2          0          0          0          0         68   use_no_semi.o
        36          4          0          0          0         76   vsprintf.o
        98          4          0          0          0         92   d2f.o
       804         16          0          0          0        272   daddsub_clz.o
        16          4          0          0          0         68   dcheck1.o
        24          0          0          0          0         68   dcmpi.o
       120          4          0          0          0         92   deqf.o
        94          4          0          0          0         92   dfix.o
       120          4          0          0          0         92   dleqf.o
       340         12          0          0          0        104   dmul.o
       156          4          0          0          0         92   dnaninf.o
        12          0          0          0          0         68   dretinf.o
       108          0          0          0          0         80   drleqf.o
        86          4          0          0          0         84   f2d.o
       430          8          0          0          0        168   faddsub_clz.o
        24          0          0          0          0         68   fcmpi.o
       388         76          0          0          0         96   fdiv.o
        62          4          0          0          0         84   ffixu.o
        38          0          0          0          0         68   fflt_clz.o
       104          4          0          0          0         84   fleqf.o
       258          4          0          0          0         84   fmul.o
       140          4          0          0          0         84   fnaninf.o
         0          0          8          0          0          0   fpconst.o
        10          0          0          0          0         68   fretinf.o
        98          0          0          0          0         68   frleqf.o
         4          0          0          0          0         68   printf1.o
         4          0          0          0          0         68   printf2.o
       100          0          0          0          0         68   retnan.o
        92          0          0          0          0         68   scalbn.o
         4          0          0          0          0         68   scanf1.o
         8          0          0          0          0         84   scanf2.o
        48          0          0          0          0         68   trapv.o
         0          0          0          0          0          0   usenofp.o
        30          6          0          0          0        136   dunder.o
        40          0          0          0          0         68   fpclassify.o
        88          8          0          0          0         76   frexp.o
       138          0          0          0          0        160   ldexp.o
       152          4          0          0          0        168   narrow.o

    ----------------------------------------------------------------------
     15306        520        562          0         96       9208   Library Totals
        36          2          3          0          0          0   (incl. Padding)

    ----------------------------------------------------------------------

      Code (inc. data)   RO Data    RW Data    ZI Data      Debug   Library Name

     11032        344        551          0         96       6032   c_w.l
      3790        156          8          0          0       2568   fz_ws.l
       448         18          0          0          0        608   m_ws.l

    ----------------------------------------------------------------------
     15306        520        562          0         96       9208   Library Totals

    ----------------------------------------------------------------------

==============================================================================


      Code (inc. data)   RO Data    RW Data    ZI Data      Debug   

     25550       1836       2622       1920      12024     431976   Grand Totals
     25550       1836       2622        868      12024     431976   ELF Image Totals (compressed)
     25550       1836       2622        868          0          0   ROM Totals

==============================================================================

    Total RO  Size (Code + RO Data)                28172 (  27.51kB)
    Total RW  Size (RW Data + ZI Data)             13944 (  13.62kB)
    Total ROM Size (Code + RO Data + RW Data)      29040 (  28.36kB)

==============================================================================

